FreeRTOS_IP.h:218:35:FreeRTOS_max_int32	16	static
FreeRTOS_IP.h:223:36:FreeRTOS_max_uint32	16	static
FreeRTOS_IP.h:228:35:FreeRTOS_min_int32	16	static
FreeRTOS_IP.h:233:36:FreeRTOS_min_uint32	16	static
FreeRTOS_IP.h:238:36:FreeRTOS_round_up	16	static
FreeRTOS_IP.h:243:36:FreeRTOS_round_down	16	static
FreeRTOS_IP.h:249:38:FreeRTOS_min_BaseType	16	static
FreeRTOS_Sockets.h:222:34:xSocketValid	24	static
FreeRTOS_Stream_Buffer.h:57:28:vStreamBufferClear	16	static
FreeRTOS_Stream_Buffer.h:71:30:uxStreamBufferSpace	32	static
FreeRTOS_Stream_Buffer.h:92:30:uxStreamBufferDistance	32	static
FreeRTOS_Stream_Buffer.h:111:30:uxStreamBufferGetSpace	24	static
FreeRTOS_Stream_Buffer.h:123:30:uxStreamBufferFrontSpace	24	static
FreeRTOS_Stream_Buffer.h:137:30:uxStreamBufferGetSize	24	static
FreeRTOS_Stream_Buffer.h:149:30:uxStreamBufferMidSpace	24	static
FreeRTOS_Stream_Buffer.h:161:28:vStreamBufferMoveMid	24	static
FreeRTOS_Stream_Buffer.h:185:34:xStreamBufferLessThenEqual	32	static
FreeRTOS_Stream_Buffer.h:222:30:uxStreamBufferGetPtr	24	static
FreeRTOS_IP_Private.h:91:23:vCastPointerTo_EthernetHeader_t	16	static
FreeRTOS_IP_Private.h:96:23:vCastConstPointerTo_EthernetHeader_t	16	static
FreeRTOS_IP_Private.h:135:23:vCastPointerTo_IPHeader_t	16	static
FreeRTOS_IP_Private.h:139:23:vCastConstPointerTo_IPHeader_t	16	static
FreeRTOS_IP_Private.h:157:23:vCastPointerTo_ICMPHeader_t	16	static
FreeRTOS_IP_Private.h:161:23:vCastConstPointerTo_ICMPHeader_t	16	static
FreeRTOS_IP_Private.h:211:23:vCastPointerTo_ARPPacket_t	16	static
FreeRTOS_IP_Private.h:215:23:vCastConstPointerTo_ARPPacket_t	16	static
FreeRTOS_IP_Private.h:230:23:vCastPointerTo_IPPacket_t	16	static
FreeRTOS_IP_Private.h:234:23:vCastConstPointerTo_IPPacket_t	16	static
FreeRTOS_IP_Private.h:250:23:vCastPointerTo_ICMPPacket_t	16	static
FreeRTOS_IP_Private.h:266:23:vCastPointerTo_UDPPacket_t	16	static
FreeRTOS_IP_Private.h:270:23:vCastConstPointerTo_UDPPacket_t	16	static
FreeRTOS_IP_Private.h:285:23:vCastPointerTo_TCPPacket_t	16	static
FreeRTOS_IP_Private.h:290:23:vCastConstPointerTo_TCPPacket_t	16	static
FreeRTOS_IP_Private.h:308:23:vCastPointerTo_ProtocolPacket_t	16	static
FreeRTOS_IP_Private.h:312:23:vCastConstPointerTo_ProtocolPacket_t	16	static
FreeRTOS_IP_Private.h:328:23:vCastPointerTo_ProtocolHeaders_t	16	static
FreeRTOS_IP_Private.h:333:23:vCastConstPointerTo_ProtocolHeaders_t	16	static
FreeRTOS_IP_Private.h:800:23:vCastPointerTo_FreeRTOS_Socket_t	16	static
FreeRTOS_IP_Private.h:804:23:vCastConstPointerTo_FreeRTOS_Socket_t	16	static
FreeRTOS_IP_Private.h:886:32:ulChar2u32	16	static
FreeRTOS_IP_Private.h:895:32:usChar2u16	16	static
FreeRTOS_IP_Private.h:965:27:vCastPointerTo_SocketSelect_t	16	static
FreeRTOS_IP_Private.h:969:27:vCastConstPointerTo_SocketSelect_t	16	static
FreeRTOS_IP_Private.h:983:27:vCastPointerTo_SocketSelectMessage_t	16	static
FreeRTOS_IP_Private.h:987:27:vCastConstPointerTo_SocketSelectMessage_t	16	static
FreeRTOS_DNS.c:229:14:FreeRTOS_dnsclear	8	static
FreeRTOS_DNS.c:262:23:vCastPointerTo_DNSMessage_t	16	static
FreeRTOS_DNS.c:272:23:vCastConstPointerTo_DNSMessage_t	16	static
FreeRTOS_DNS.c:295:23:vCastPointerTo_DNSTail_t	16	static
FreeRTOS_DNS.c:317:23:vCastPointerTo_DNSAnswerRecord_t	16	static
FreeRTOS_DNS.c:399:18:FreeRTOS_dnslookup	24	static
FreeRTOS_DNS.c:627:18:FreeRTOS_gethostbyname	16	static
FreeRTOS_DNS.c:677:25:prvPrepareLookup	48	static
FreeRTOS_DNS.c:798:21:prvGetHostByName	96	static
FreeRTOS_DNS.c:974:20:prvCreateDNSMessage	56	static
FreeRTOS_DNS.c:1077:24:prvReadNameField	40	static
FreeRTOS_DNS.c:1185:20:prvSkipNameField	32	static
FreeRTOS_DNS.c:1264:14:ulDNSHandlePacket	24	static
FreeRTOS_DNS.c:1331:22:prvParseDNSReply	376	static
FreeRTOS_DNS.c:1887:21:prvCreateDNSSocket	24	static
FreeRTOS_DNS.c:1994:27:prvProcessDNSCache	56	static,ignoring_inline_asm
