Archive member included to satisfy reference by file (symbol)

c:/st/stm32cubeide_1.5.0/stm32cubeide/plugins/com.st.stm32cube.ide.mcu.externaltools.gnu-tools-for-stm32.7-2018-q2-update.win32_1.5.0.202011040924/tools/bin/../lib/gcc/arm-none-eabi/7.3.1/../../../../arm-none-eabi/lib/thumb/v7e-m/fpv5/hard\libc_nano.a(lib_a-errno.o)
                              Core/Src/syscalls.o (__errno)
c:/st/stm32cubeide_1.5.0/stm32cubeide/plugins/com.st.stm32cube.ide.mcu.externaltools.gnu-tools-for-stm32.7-2018-q2-update.win32_1.5.0.202011040924/tools/bin/../lib/gcc/arm-none-eabi/7.3.1/../../../../arm-none-eabi/lib/thumb/v7e-m/fpv5/hard\libc_nano.a(lib_a-exit.o)
                              c:/st/stm32cubeide_1.5.0/stm32cubeide/plugins/com.st.stm32cube.ide.mcu.externaltools.gnu-tools-for-stm32.7-2018-q2-update.win32_1.5.0.202011040924/tools/bin/../lib/gcc/arm-none-eabi/7.3.1/../../../../arm-none-eabi/lib/thumb/v7e-m/fpv5/hard/crt0.o (exit)
c:/st/stm32cubeide_1.5.0/stm32cubeide/plugins/com.st.stm32cube.ide.mcu.externaltools.gnu-tools-for-stm32.7-2018-q2-update.win32_1.5.0.202011040924/tools/bin/../lib/gcc/arm-none-eabi/7.3.1/../../../../arm-none-eabi/lib/thumb/v7e-m/fpv5/hard\libc_nano.a(lib_a-impure.o)
                              c:/st/stm32cubeide_1.5.0/stm32cubeide/plugins/com.st.stm32cube.ide.mcu.externaltools.gnu-tools-for-stm32.7-2018-q2-update.win32_1.5.0.202011040924/tools/bin/../lib/gcc/arm-none-eabi/7.3.1/../../../../arm-none-eabi/lib/thumb/v7e-m/fpv5/hard\libc_nano.a(lib_a-exit.o) (_global_impure_ptr)
c:/st/stm32cubeide_1.5.0/stm32cubeide/plugins/com.st.stm32cube.ide.mcu.externaltools.gnu-tools-for-stm32.7-2018-q2-update.win32_1.5.0.202011040924/tools/bin/../lib/gcc/arm-none-eabi/7.3.1/../../../../arm-none-eabi/lib/thumb/v7e-m/fpv5/hard\libc_nano.a(lib_a-init.o)
                              c:/st/stm32cubeide_1.5.0/stm32cubeide/plugins/com.st.stm32cube.ide.mcu.externaltools.gnu-tools-for-stm32.7-2018-q2-update.win32_1.5.0.202011040924/tools/bin/../lib/gcc/arm-none-eabi/7.3.1/../../../../arm-none-eabi/lib/thumb/v7e-m/fpv5/hard/crt0.o (__libc_init_array)
c:/st/stm32cubeide_1.5.0/stm32cubeide/plugins/com.st.stm32cube.ide.mcu.externaltools.gnu-tools-for-stm32.7-2018-q2-update.win32_1.5.0.202011040924/tools/bin/../lib/gcc/arm-none-eabi/7.3.1/../../../../arm-none-eabi/lib/thumb/v7e-m/fpv5/hard\libc_nano.a(lib_a-memcmp.o)
                              Middlewares/Third_Party/Freertos_Plus/FreeRTOS_ARP.o (memcmp)
c:/st/stm32cubeide_1.5.0/stm32cubeide/plugins/com.st.stm32cube.ide.mcu.externaltools.gnu-tools-for-stm32.7-2018-q2-update.win32_1.5.0.202011040924/tools/bin/../lib/gcc/arm-none-eabi/7.3.1/../../../../arm-none-eabi/lib/thumb/v7e-m/fpv5/hard\libc_nano.a(lib_a-memcpy-stub.o)
                              Middlewares/Third_Party/FreeRTOS/Source/queue.o (memcpy)
c:/st/stm32cubeide_1.5.0/stm32cubeide/plugins/com.st.stm32cube.ide.mcu.externaltools.gnu-tools-for-stm32.7-2018-q2-update.win32_1.5.0.202011040924/tools/bin/../lib/gcc/arm-none-eabi/7.3.1/../../../../arm-none-eabi/lib/thumb/v7e-m/fpv5/hard\libc_nano.a(lib_a-memmove.o)
                              Middlewares/Third_Party/Freertos_Plus/FreeRTOS_IP.o (memmove)
c:/st/stm32cubeide_1.5.0/stm32cubeide/plugins/com.st.stm32cube.ide.mcu.externaltools.gnu-tools-for-stm32.7-2018-q2-update.win32_1.5.0.202011040924/tools/bin/../lib/gcc/arm-none-eabi/7.3.1/../../../../arm-none-eabi/lib/thumb/v7e-m/fpv5/hard\libc_nano.a(lib_a-memset.o)
                              c:/st/stm32cubeide_1.5.0/stm32cubeide/plugins/com.st.stm32cube.ide.mcu.externaltools.gnu-tools-for-stm32.7-2018-q2-update.win32_1.5.0.202011040924/tools/bin/../lib/gcc/arm-none-eabi/7.3.1/../../../../arm-none-eabi/lib/thumb/v7e-m/fpv5/hard/crt0.o (memset)
c:/st/stm32cubeide_1.5.0/stm32cubeide/plugins/com.st.stm32cube.ide.mcu.externaltools.gnu-tools-for-stm32.7-2018-q2-update.win32_1.5.0.202011040924/tools/bin/../lib/gcc/arm-none-eabi/7.3.1/../../../../arm-none-eabi/lib/thumb/v7e-m/fpv5/hard\libc_nano.a(lib_a-snprintf.o)
                              Middlewares/Third_Party/Freertos_Plus/FreeRTOS_IP.o (snprintf)
c:/st/stm32cubeide_1.5.0/stm32cubeide/plugins/com.st.stm32cube.ide.mcu.externaltools.gnu-tools-for-stm32.7-2018-q2-update.win32_1.5.0.202011040924/tools/bin/../lib/gcc/arm-none-eabi/7.3.1/../../../../arm-none-eabi/lib/thumb/v7e-m/fpv5/hard\libc_nano.a(lib_a-strcmp.o)
                              Middlewares/Third_Party/Freertos_Plus/FreeRTOS_DNS.o (strcmp)
c:/st/stm32cubeide_1.5.0/stm32cubeide/plugins/com.st.stm32cube.ide.mcu.externaltools.gnu-tools-for-stm32.7-2018-q2-update.win32_1.5.0.202011040924/tools/bin/../lib/gcc/arm-none-eabi/7.3.1/../../../../arm-none-eabi/lib/thumb/v7e-m/fpv5/hard\libc_nano.a(lib_a-strcpy.o)
                              Middlewares/Third_Party/Freertos_Plus/FreeRTOS_DNS.o (strcpy)
[...]
Memory Configuration

Name             Origin             Length             Attributes
RAM              0x0000000020000000 0x0000000000080000 xrw
FLASH            0x0000000008000000 0x0000000000200000 xr
*default*        0x0000000000000000 0xffffffffffffffff

Linker script and memory map

LOAD c:/st/stm32cubeide_1.5.0/stm32cubeide/plugins/com.st.stm32cube.ide.mcu.externaltools.gnu-tools-for-stm32.7-2018-q2-update.win32_1.5.0.202011040924/tools/bin/../lib/gcc/arm-none-eabi/7.3.1/thumb/v7e-m/fpv5/hard/crti.o
LOAD c:/st/stm32cubeide_1.5.0/stm32cubeide/plugins/com.st.stm32cube.ide.mcu.externaltools.gnu-tools-for-stm32.7-2018-q2-update.win32_1.5.0.202011040924/tools/bin/../lib/gcc/arm-none-eabi/7.3.1/thumb/v7e-m/fpv5/hard/crtbegin.o
LOAD c:/st/stm32cubeide_1.5.0/stm32cubeide/plugins/com.st.stm32cube.ide.mcu.externaltools.gnu-tools-for-stm32.7-2018-q2-update.win32_1.5.0.202011040924/tools/bin/../lib/gcc/arm-none-eabi/7.3.1/../../../../arm-none-eabi/lib/thumb/v7e-m/fpv5/hard/crt0.o
LOAD Core/Src/freertos.o
LOAD Core/Src/main.o
LOAD Core/Src/stm32f7xx_hal_msp.o
LOAD Core/Src/stm32f7xx_it.o
LOAD Core/Src/syscalls.o
LOAD Core/Src/sysmem.o
LOAD Core/Src/system_stm32f7xx.o
LOAD Core/Startup/startup_stm32f767zitx.o
LOAD Drivers/STM32F7xx_HAL_Driver/Src/stm32f7xx_hal.o
LOAD Drivers/STM32F7xx_HAL_Driver/Src/stm32f7xx_hal_cortex.o
LOAD Drivers/STM32F7xx_HAL_Driver/Src/stm32f7xx_hal_dma.o
LOAD Drivers/STM32F7xx_HAL_Driver/Src/stm32f7xx_hal_dma_ex.o
LOAD Drivers/STM32F7xx_HAL_Driver/Src/stm32f7xx_hal_exti.o
LOAD Drivers/STM32F7xx_HAL_Driver/Src/stm32f7xx_hal_flash.o
LOAD Drivers/STM32F7xx_HAL_Driver/Src/stm32f7xx_hal_flash_ex.o
LOAD Drivers/STM32F7xx_HAL_Driver/Src/stm32f7xx_hal_gpio.o
LOAD Drivers/STM32F7xx_HAL_Driver/Src/stm32f7xx_hal_i2c.o
LOAD Drivers/STM32F7xx_HAL_Driver/Src/stm32f7xx_hal_i2c_ex.o
LOAD Drivers/STM32F7xx_HAL_Driver/Src/stm32f7xx_hal_pcd.o
LOAD Drivers/STM32F7xx_HAL_Driver/Src/stm32f7xx_hal_pcd_ex.o
LOAD Drivers/STM32F7xx_HAL_Driver/Src/stm32f7xx_hal_pwr.o
LOAD Drivers/STM32F7xx_HAL_Driver/Src/stm32f7xx_hal_pwr_ex.o
LOAD Drivers/STM32F7xx_HAL_Driver/Src/stm32f7xx_hal_rcc.o
LOAD Drivers/STM32F7xx_HAL_Driver/Src/stm32f7xx_hal_rcc_ex.o
LOAD Drivers/STM32F7xx_HAL_Driver/Src/stm32f7xx_hal_tim.o
LOAD Drivers/STM32F7xx_HAL_Driver/Src/stm32f7xx_hal_tim_ex.o
LOAD Drivers/STM32F7xx_HAL_Driver/Src/stm32f7xx_hal_uart.o
LOAD Drivers/STM32F7xx_HAL_Driver/Src/stm32f7xx_hal_uart_ex.o
LOAD Drivers/STM32F7xx_HAL_Driver/Src/stm32f7xx_ll_usb.o
LOAD Middlewares/Third_Party/FreeRTOS/Source/CMSIS_RTOS/cmsis_os.o
LOAD Middlewares/Third_Party/FreeRTOS/Source/croutine.o
LOAD Middlewares/Third_Party/FreeRTOS/Source/event_groups.o
LOAD Middlewares/Third_Party/FreeRTOS/Source/list.o
LOAD Middlewares/Third_Party/FreeRTOS/Source/queue.o
LOAD Middlewares/Third_Party/FreeRTOS/Source/stream_buffer.o
LOAD Middlewares/Third_Party/FreeRTOS/Source/tasks.o
LOAD Middlewares/Third_Party/FreeRTOS/Source/timers.o
LOAD Middlewares/Third_Party/FreeRTOS/Source/portable/GCC/ARM_CM7/r0p1/port.o
LOAD Middlewares/Third_Party/FreeRTOS/Source/portable/MemMang/heap_4.o
LOAD Middlewares/Third_Party/Freertos_Plus/FreeRTOS_ARP.o
LOAD Middlewares/Third_Party/Freertos_Plus/FreeRTOS_DHCP.o
LOAD Middlewares/Third_Party/Freertos_Plus/FreeRTOS_DNS.o
LOAD Middlewares/Third_Party/Freertos_Plus/FreeRTOS_IP.o
LOAD Middlewares/Third_Party/Freertos_Plus/FreeRTOS_Sockets.o
LOAD Middlewares/Third_Party/Freertos_Plus/FreeRTOS_Stream_Buffer.o
LOAD Middlewares/Third_Party/Freertos_Plus/FreeRTOS_TCP_IP.o
LOAD Middlewares/Third_Party/Freertos_Plus/FreeRTOS_TCP_WIN.o
LOAD Middlewares/Third_Party/Freertos_Plus/FreeRTOS_UDP_IP.o
LOAD Middlewares/Third_Party/Freertos_Plus/portable/BufferManagement/BufferAllocation_2.o
LOAD Middlewares/Third_Party/Freertos_Plus/portable/NetworkInterface/STM32Fxx/NetworkInterface.o
LOAD Middlewares/Third_Party/Freertos_Plus/portable/NetworkInterface/STM32Fxx/phyHandling.o
LOAD Middlewares/Third_Party/Freertos_Plus/portable/NetworkInterface/STM32Fxx/stm32fxx_hal_eth.o
START GROUP
LOAD c:/st/stm32cubeide_1.5.0/stm32cubeide/plugins/com.st.stm32cube.ide.mcu.externaltools.gnu-tools-for-stm32.7-2018-q2-update.win32_1.5.0.202011040924/tools/bin/../lib/gcc/arm-none-eabi/7.3.1/../../../../arm-none-eabi/lib/thumb/v7e-m/fpv5/hard\libc_nano.a
LOAD c:/st/stm32cubeide_1.5.0/stm32cubeide/plugins/com.st.stm32cube.ide.mcu.externaltools.gnu-tools-for-stm32.7-2018-q2-update.win32_1.5.0.202011040924/tools/bin/../lib/gcc/arm-none-eabi/7.3.1/../../../../arm-none-eabi/lib/thumb/v7e-m/fpv5/hard\libm.a
END GROUP
START GROUP
LOAD c:/st/stm32cubeide_1.5.0/stm32cubeide/plugins/com.st.stm32cube.ide.mcu.externaltools.gnu-tools-for-stm32.7-2018-q2-update.win32_1.5.0.202011040924/tools/bin/../lib/gcc/arm-none-eabi/7.3.1/thumb/v7e-m/fpv5/hard\libgcc.a
LOAD c:/st/stm32cubeide_1.5.0/stm32cubeide/plugins/com.st.stm32cube.ide.mcu.externaltools.gnu-tools-for-stm32.7-2018-q2-update.win32_1.5.0.202011040924/tools/bin/../lib/gcc/arm-none-eabi/7.3.1/../../../../arm-none-eabi/lib/thumb/v7e-m/fpv5/hard\libc_nano.a
END GROUP
START GROUP
LOAD c:/st/stm32cubeide_1.5.0/stm32cubeide/plugins/com.st.stm32cube.ide.mcu.externaltools.gnu-tools-for-stm32.7-2018-q2-update.win32_1.5.0.202011040924/tools/bin/../lib/gcc/arm-none-eabi/7.3.1/thumb/v7e-m/fpv5/hard\libgcc.a
LOAD c:/st/stm32cubeide_1.5.0/stm32cubeide/plugins/com.st.stm32cube.ide.mcu.externaltools.gnu-tools-for-stm32.7-2018-q2-update.win32_1.5.0.202011040924/tools/bin/../lib/gcc/arm-none-eabi/7.3.1/../../../../arm-none-eabi/lib/thumb/v7e-m/fpv5/hard\libc_nano.a
LOAD c:/st/stm32cubeide_1.5.0/stm32cubeide/plugins/com.st.stm32cube.ide.mcu.externaltools.gnu-tools-for-stm32.7-2018-q2-update.win32_1.5.0.202011040924/tools/bin/../lib/gcc/arm-none-eabi/7.3.1/../../../../arm-none-eabi/lib/thumb/v7e-m/fpv5/hard\libnosys.a
END GROUP
START GROUP
LOAD c:/st/stm32cubeide_1.5.0/stm32cubeide/plugins/com.st.stm32cube.ide.mcu.externaltools.gnu-tools-for-stm32.7-2018-q2-update.win32_1.5.0.202011040924/tools/bin/../lib/gcc/arm-none-eabi/7.3.1/thumb/v7e-m/fpv5/hard\libgcc.a
LOAD c:/st/stm32cubeide_1.5.0/stm32cubeide/plugins/com.st.stm32cube.ide.mcu.externaltools.gnu-tools-for-stm32.7-2018-q2-update.win32_1.5.0.202011040924/tools/bin/../lib/gcc/arm-none-eabi/7.3.1/../../../../arm-none-eabi/lib/thumb/v7e-m/fpv5/hard\libc_nano.a
LOAD c:/st/stm32cubeide_1.5.0/stm32cubeide/plugins/com.st.stm32cube.ide.mcu.externaltools.gnu-tools-for-stm32.7-2018-q2-update.win32_1.5.0.202011040924/tools/bin/../lib/gcc/arm-none-eabi/7.3.1/../../../../arm-none-eabi/lib/thumb/v7e-m/fpv5/hard\libnosys.a
END GROUP
LOAD c:/st/stm32cubeide_1.5.0/stm32cubeide/plugins/com.st.stm32cube.ide.mcu.externaltools.gnu-tools-for-stm32.7-2018-q2-update.win32_1.5.0.202011040924/tools/bin/../lib/gcc/arm-none-eabi/7.3.1/thumb/v7e-m/fpv5/hard/crtend.o
LOAD c:/st/stm32cubeide_1.5.0/stm32cubeide/plugins/com.st.stm32cube.ide.mcu.externaltools.gnu-tools-for-stm32.7-2018-q2-update.win32_1.5.0.202011040924/tools/bin/../lib/gcc/arm-none-eabi/7.3.1/thumb/v7e-m/fpv5/hard/crtn.o
                0x0000000020080000                _estack = (ORIGIN (RAM) + LENGTH (RAM))
                0x0000000000000200                _Min_Heap_Size = 0x200
                0x0000000000000400                _Min_Stack_Size = 0x400

.isr_vector     0x0000000008000000      0x1f8
                0x0000000008000000                . = ALIGN (0x4)
 *(.isr_vector)
 .isr_vector    0x0000000008000000      0x1f8 Core/Startup/startup_stm32f767zitx.o
                0x0000000008000000                g_pfnVectors
                0x00000000080001f8                . = ALIGN (0x4)

.text           0x0000000008000200    0x10a30
                0x0000000008000200                . = ALIGN (0x4)
 *(.text)
 .text          0x0000000008000200       0x40 c:/st/stm32cubeide_1.5.0/stm32cubeide/plugins/com.st.stm32cube.ide.mcu.externaltools.gnu-tools-for-stm32.7-2018-q2-update.win32_1.5.0.202011040924/tools/bin/../lib/gcc/arm-none-eabi/7.3.1/thumb/v7e-m/fpv5/hard/crtbegin.o
 .text          0x0000000008000240       0x10 c:/st/stm32cubeide_1.5.0/stm32cubeide/plugins/com.st.stm32cube.ide.mcu.externaltools.gnu-tools-for-stm32.7-2018-q2-update.win32_1.5.0.202011040924/tools/bin/../lib/gcc/arm-none-eabi/7.3.1/../../../../arm-none-eabi/lib/thumb/v7e-m/fpv5/hard\libc_nano.a(lib_a-strlen.o)
                0x0000000008000240                strlen
 .text          0x0000000008000250       0xa0 c:/st/stm32cubeide_1.5.0/stm32cubeide/plugins/com.st.stm32cube.ide.mcu.externaltools.gnu-tools-for-stm32.7-2018-q2-update.win32_1.5.0.202011040924/tools/bin/../lib/gcc/arm-none-eabi/7.3.1/../../../../arm-none-eabi/lib/thumb/v7e-m/fpv5/hard\libc_nano.a(lib_a-memchr.o)
                0x0000000008000250                memchr
 .text          0x00000000080002f0       0x30 c:/st/stm32cubeide_1.5.0/stm32cubeide/plugins/com.st.stm32cube.ide.mcu.externaltools.gnu-tools-for-stm32.7-2018-q2-update.win32_1.5.0.202011040924/tools/bin/../lib/gcc/arm-none-eabi/7.3.1/thumb/v7e-m/fpv5/hard\libgcc.a(_aeabi_uldivmod.o)
                0x00000000080002f0                __aeabi_uldivmod
 .text          0x0000000008000320      0x2cc c:/st/stm32cubeide_1.5.0/stm32cubeide/plugins/com.st.stm32cube.ide.mcu.externaltools.gnu-tools-for-stm32.7-2018-q2-update.win32_1.5.0.202011040924/tools/bin/../lib/gcc/arm-none-eabi/7.3.1/thumb/v7e-m/fpv5/hard\libgcc.a(_udivmoddi4.o)
                0x0000000008000320                __udivmoddi4
 .text          0x00000000080005ec        0x4 c:/st/stm32cubeide_1.5.0/stm32cubeide/plugins/com.st.stm32cube.ide.mcu.externaltools.gnu-tools-for-stm32.7-2018-q2-update.win32_1.5.0.202011040924/tools/bin/../lib/gcc/arm-none-eabi/7.3.1/thumb/v7e-m/fpv5/hard\libgcc.a(_dvmd_tls.o)
                0x00000000080005ec                __aeabi_idiv0
                0x00000000080005ec                __aeabi_ldiv0
 *(.text*)
 .text.vApplicationGetIdleTaskMemory
                0x00000000080005f0       0x34 Core/Src/freertos.o
                0x00000000080005f0                vApplicationGetIdleTaskMemory
 .text.main     0x0000000008000624       0x70 Core/Src/main.o
                0x0000000008000624                main
 .text.SystemClock_Config
                0x0000000008000694      0x12c Core/Src/main.o
                0x0000000008000694                SystemClock_Config
 .text.MX_USART3_UART_Init
                0x00000000080007c0       0x60 Core/Src/main.o
 .text.MX_USB_OTG_FS_PCD_Init
                0x0000000008000820       0x5c Core/Src/main.o
 .text.MX_GPIO_Init
                0x000000000800087c      0x144 Core/Src/main.o
 .text.StartDefaultTask
                0x00000000080009c0       0x6c Core/Src/main.o
                0x00000000080009c0                StartDefaultTask
 .text.uxRand   0x0000000008000a2c       0x40 Core/Src/main.o
                0x0000000008000a2c                uxRand
 .text.ulApplicationGetNextSequenceNumber
                0x0000000008000a6c       0x22 Core/Src/main.o
                0x0000000008000a6c                ulApplicationGetNextSequenceNumber
 .text.xApplicationGetRandomNumber
                0x0000000008000a8e       0x1c Core/Src/main.o
                0x0000000008000a8e                xApplicationGetRandomNumber
 .text.vApplicationIPNetworkEventHook
                0x0000000008000aaa       0x16 Core/Src/main.o
                0x0000000008000aaa                vApplicationIPNetworkEventHook
 .text.pcApplicationHostnameHook
                0x0000000008000ac0       0x14 Core/Src/main.o
                0x0000000008000ac0                pcApplicationHostnameHook
 .text.Error_Handler
                0x0000000008000ad4        0x8 Core/Src/main.o
                0x0000000008000ad4                Error_Handler
 .text.HAL_MspInit
                0x0000000008000adc       0x50 Core/Src/stm32f7xx_hal_msp.o
                0x0000000008000adc                HAL_MspInit
 .text.HAL_ETH_MspInit
                0x0000000008000b2c      0x190 Core/Src/stm32f7xx_hal_msp.o
                0x0000000008000b2c                HAL_ETH_MspInit
 .text.HAL_UART_MspInit
                0x0000000008000cbc       0x88 Core/Src/stm32f7xx_hal_msp.o
                0x0000000008000cbc                HAL_UART_MspInit
 .text.HAL_PCD_MspInit
                0x0000000008000d44       0xb8 Core/Src/stm32f7xx_hal_msp.o
                0x0000000008000d44                HAL_PCD_MspInit
 .text.NMI_Handler
                0x0000000008000dfc        0x6 Core/Src/stm32f7xx_it.o
                0x0000000008000dfc                NMI_Handler
 .text.HardFault_Handler
                0x0000000008000e02        0x6 Core/Src/stm32f7xx_it.o
                0x0000000008000e02                HardFault_Handler
 .text.MemManage_Handler
                0x0000000008000e08        0x6 Core/Src/stm32f7xx_it.o
                0x0000000008000e08                MemManage_Handler
 .text.BusFault_Handler
                0x0000000008000e0e        0x6 Core/Src/stm32f7xx_it.o
                0x0000000008000e0e                BusFault_Handler
 .text.UsageFault_Handler
                0x0000000008000e14        0x6 Core/Src/stm32f7xx_it.o
                0x0000000008000e14                UsageFault_Handler
 .text.DebugMon_Handler
                0x0000000008000e1a        0xe Core/Src/stm32f7xx_it.o
                0x0000000008000e1a                DebugMon_Handler
 .text.SysTick_Handler
                0x0000000008000e28       0x1a Core/Src/stm32f7xx_it.o
                0x0000000008000e28                SysTick_Handler
 *fill*         0x0000000008000e42        0x2 
 .text.ETH_WKUP_IRQHandler
                0x0000000008000e44       0x14 Core/Src/stm32f7xx_it.o
                0x0000000008000e44                ETH_WKUP_IRQHandler
 .text._sbrk    0x0000000008000e58       0x6c Core/Src/sysmem.o
                0x0000000008000e58                _sbrk
 .text.SystemInit
                0x0000000008000ec4       0x2c Core/Src/system_stm32f7xx.o
                0x0000000008000ec4                SystemInit
 .text.Reset_Handler
                0x0000000008000ef0       0x50 Core/Startup/startup_stm32f767zitx.o
                0x0000000008000ef0                Reset_Handler
 .text.Default_Handler
                0x0000000008000f40        0x2 Core/Startup/startup_stm32f767zitx.o
                0x0000000008000f40                RTC_Alarm_IRQHandler
                0x0000000008000f40                EXTI2_IRQHandler
                0x0000000008000f40                TIM8_CC_IRQHandler
                0x0000000008000f40                UART8_IRQHandler
                0x0000000008000f40                SPI4_IRQHandler
                0x0000000008000f40                TIM1_CC_IRQHandler
                0x0000000008000f40                DMA2_Stream5_IRQHandler
                0x0000000008000f40                JPEG_IRQHandler
                0x0000000008000f40                DMA1_Stream5_IRQHandler
                0x0000000008000f40                CAN3_RX1_IRQHandler
                0x0000000008000f40                PVD_IRQHandler
                0x0000000008000f40                TAMP_STAMP_IRQHandler
                0x0000000008000f40                CAN2_RX1_IRQHandler
                0x0000000008000f40                EXTI3_IRQHandler
                0x0000000008000f40                TIM8_TRG_COM_TIM14_IRQHandler
                0x0000000008000f40                DFSDM1_FLT1_IRQHandler
                0x0000000008000f40                TIM1_UP_TIM10_IRQHandler
                0x0000000008000f40                TIM8_UP_TIM13_IRQHandler
                0x0000000008000f40                I2C3_ER_IRQHandler
                0x0000000008000f40                DFSDM1_FLT2_IRQHandler
                0x0000000008000f40                EXTI0_IRQHandler
                0x0000000008000f40                I2C2_EV_IRQHandler
                0x0000000008000f40                DMA1_Stream2_IRQHandler
                0x0000000008000f40                CAN1_RX0_IRQHandler
                0x0000000008000f40                FPU_IRQHandler
                0x0000000008000f40                OTG_HS_WKUP_IRQHandler
                0x0000000008000f40                CAN3_SCE_IRQHandler
                0x0000000008000f40                LTDC_ER_IRQHandler
                0x0000000008000f40                CAN2_SCE_IRQHandler
                0x0000000008000f40                DMA2_Stream2_IRQHandler
                0x0000000008000f40                SPI1_IRQHandler
                0x0000000008000f40                TIM6_DAC_IRQHandler
                0x0000000008000f40                TIM1_BRK_TIM9_IRQHandler
                0x0000000008000f40                DCMI_IRQHandler
                0x0000000008000f40                CAN2_RX0_IRQHandler
                0x0000000008000f40                DMA2_Stream3_IRQHandler
                0x0000000008000f40                SAI2_IRQHandler
                0x0000000008000f40                DFSDM1_FLT3_IRQHandler
                0x0000000008000f40                USART6_IRQHandler
                0x0000000008000f40                CAN3_RX0_IRQHandler
                0x0000000008000f40                USART3_IRQHandler
                0x0000000008000f40                CAN1_RX1_IRQHandler
                0x0000000008000f40                UART5_IRQHandler
                0x0000000008000f40                DMA2_Stream0_IRQHandler
                0x0000000008000f40                TIM4_IRQHandler
                0x0000000008000f40                QUADSPI_IRQHandler
                0x0000000008000f40                I2C1_EV_IRQHandler
                0x0000000008000f40                DMA1_Stream6_IRQHandler
                0x0000000008000f40                DMA1_Stream1_IRQHandler
                0x0000000008000f40                UART4_IRQHandler
                0x0000000008000f40                TIM3_IRQHandler
                0x0000000008000f40                RCC_IRQHandler
                0x0000000008000f40                TIM8_BRK_TIM12_IRQHandler
                0x0000000008000f40                Default_Handler
                0x0000000008000f40                CEC_IRQHandler
                0x0000000008000f40                EXTI15_10_IRQHandler
                0x0000000008000f40                ADC_IRQHandler
                0x0000000008000f40                DMA1_Stream7_IRQHandler
                0x0000000008000f40                SPI5_IRQHandler
                0x0000000008000f40                TIM7_IRQHandler
                0x0000000008000f40                SDMMC1_IRQHandler
                0x0000000008000f40                CAN2_TX_IRQHandler
                0x0000000008000f40                TIM5_IRQHandler
                0x0000000008000f40                DMA2_Stream7_IRQHandler
                0x0000000008000f40                I2C3_EV_IRQHandler
                0x0000000008000f40                EXTI9_5_IRQHandler
                0x0000000008000f40                RTC_WKUP_IRQHandler
                0x0000000008000f40                LTDC_IRQHandler
                0x0000000008000f40                SPDIF_RX_IRQHandler
                0x0000000008000f40                SPI2_IRQHandler
                0x0000000008000f40                OTG_HS_EP1_IN_IRQHandler
                0x0000000008000f40                DMA1_Stream0_IRQHandler
                0x0000000008000f40                CAN1_TX_IRQHandler
                0x0000000008000f40                EXTI4_IRQHandler
                0x0000000008000f40                RNG_IRQHandler
                0x0000000008000f40                OTG_HS_EP1_OUT_IRQHandler
                0x0000000008000f40                WWDG_IRQHandler
                0x0000000008000f40                SPI6_IRQHandler
                0x0000000008000f40                MDIOS_IRQHandler
                0x0000000008000f40                I2C4_EV_IRQHandler
                0x0000000008000f40                CAN3_TX_IRQHandler
                0x0000000008000f40                TIM2_IRQHandler
                0x0000000008000f40                OTG_FS_WKUP_IRQHandler
                0x0000000008000f40                TIM1_TRG_COM_TIM11_IRQHandler
                0x0000000008000f40                OTG_HS_IRQHandler
                0x0000000008000f40                DMA2D_IRQHandler
                0x0000000008000f40                EXTI1_IRQHandler
                0x0000000008000f40                SDMMC2_IRQHandler
                0x0000000008000f40                UART7_IRQHandler
                0x0000000008000f40                USART2_IRQHandler
                0x0000000008000f40                DFSDM1_FLT0_IRQHandler
                0x0000000008000f40                I2C2_ER_IRQHandler
                0x0000000008000f40                DMA2_Stream1_IRQHandler
                0x0000000008000f40                CAN1_SCE_IRQHandler
                0x0000000008000f40                FLASH_IRQHandler
                0x0000000008000f40                DMA2_Stream4_IRQHandler
                0x0000000008000f40                USART1_IRQHandler
                0x0000000008000f40                OTG_FS_IRQHandler
                0x0000000008000f40                SPI3_IRQHandler
                0x0000000008000f40                DMA1_Stream4_IRQHandler
                0x0000000008000f40                I2C1_ER_IRQHandler
                0x0000000008000f40                FMC_IRQHandler
                0x0000000008000f40                LPTIM1_IRQHandler
                0x0000000008000f40                I2C4_ER_IRQHandler
                0x0000000008000f40                DMA2_Stream6_IRQHandler
                0x0000000008000f40                SAI1_IRQHandler
                0x0000000008000f40                DMA1_Stream3_IRQHandler
 .text.HAL_Init
                0x0000000008000f42       0x1a Drivers/STM32F7xx_HAL_Driver/Src/stm32f7xx_hal.o
                0x0000000008000f42                HAL_Init
 .text.HAL_InitTick
                0x0000000008000f5c       0x60 Drivers/STM32F7xx_HAL_Driver/Src/stm32f7xx_hal.o
                0x0000000008000f5c                HAL_InitTick
 .text.HAL_IncTick
                0x0000000008000fbc       0x28 Drivers/STM32F7xx_HAL_Driver/Src/stm32f7xx_hal.o
                0x0000000008000fbc                HAL_IncTick
 .text.HAL_GetTick
                0x0000000008000fe4       0x18 Drivers/STM32F7xx_HAL_Driver/Src/stm32f7xx_hal.o
                0x0000000008000fe4                HAL_GetTick
 .text.HAL_Delay
                0x0000000008000ffc       0x44 Drivers/STM32F7xx_HAL_Driver/Src/stm32f7xx_hal.o
                0x0000000008000ffc                HAL_Delay
 .text.__NVIC_SetPriorityGrouping
                0x0000000008001040       0x48 Drivers/STM32F7xx_HAL_Driver/Src/stm32f7xx_hal_cortex.o
 .text.__NVIC_GetPriorityGrouping
                0x0000000008001088       0x1c Drivers/STM32F7xx_HAL_Driver/Src/stm32f7xx_hal_cortex.o
 .text.__NVIC_EnableIRQ
                0x00000000080010a4       0x3c Drivers/STM32F7xx_HAL_Driver/Src/stm32f7xx_hal_cortex.o
 .text.__NVIC_SetPriority
                0x00000000080010e0       0x54 Drivers/STM32F7xx_HAL_Driver/Src/stm32f7xx_hal_cortex.o
 .text.NVIC_EncodePriority
                0x0000000008001134       0x66 Drivers/STM32F7xx_HAL_Driver/Src/stm32f7xx_hal_cortex.o
 *fill*         0x000000000800119a        0x2 
 .text.SysTick_Config
                0x000000000800119c       0x44 Drivers/STM32F7xx_HAL_Driver/Src/stm32f7xx_hal_cortex.o
 .text.HAL_NVIC_SetPriorityGrouping
                0x00000000080011e0       0x16 Drivers/STM32F7xx_HAL_Driver/Src/stm32f7xx_hal_cortex.o
                0x00000000080011e0                HAL_NVIC_SetPriorityGrouping
 .text.HAL_NVIC_SetPriority
                0x00000000080011f6       0x38 Drivers/STM32F7xx_HAL_Driver/Src/stm32f7xx_hal_cortex.o
                0x00000000080011f6                HAL_NVIC_SetPriority
 .text.HAL_NVIC_EnableIRQ
                0x000000000800122e       0x1c Drivers/STM32F7xx_HAL_Driver/Src/stm32f7xx_hal_cortex.o
                0x000000000800122e                HAL_NVIC_EnableIRQ
 .text.HAL_SYSTICK_Config
                0x000000000800124a       0x18 Drivers/STM32F7xx_HAL_Driver/Src/stm32f7xx_hal_cortex.o
                0x000000000800124a                HAL_SYSTICK_Config
 *fill*         0x0000000008001262        0x2 
 .text.HAL_GPIO_Init
                0x0000000008001264      0x354 Drivers/STM32F7xx_HAL_Driver/Src/stm32f7xx_hal_gpio.o
                0x0000000008001264                HAL_GPIO_Init
 .text.HAL_GPIO_WritePin
                0x00000000080015b8       0x32 Drivers/STM32F7xx_HAL_Driver/Src/stm32f7xx_hal_gpio.o
                0x00000000080015b8                HAL_GPIO_WritePin
 .text.HAL_GPIO_TogglePin
                0x00000000080015ea       0x34 Drivers/STM32F7xx_HAL_Driver/Src/stm32f7xx_hal_gpio.o
                0x00000000080015ea                HAL_GPIO_TogglePin
 .text.HAL_PCD_Init
                0x000000000800161e      0x248 Drivers/STM32F7xx_HAL_Driver/Src/stm32f7xx_hal_pcd.o
                0x000000000800161e                HAL_PCD_Init
 *fill*         0x0000000008001866        0x2 
 .text.HAL_PCDEx_ActivateLPM
                0x0000000008001868       0x48 Drivers/STM32F7xx_HAL_Driver/Src/stm32f7xx_hal_pcd_ex.o
                0x0000000008001868                HAL_PCDEx_ActivateLPM
 .text.HAL_PWR_EnableBkUpAccess
                0x00000000080018b0       0x20 Drivers/STM32F7xx_HAL_Driver/Src/stm32f7xx_hal_pwr.o
                0x00000000080018b0                HAL_PWR_EnableBkUpAccess
 .text.HAL_PWREx_EnableOverDrive
                0x00000000080018d0       0xa0 Drivers/STM32F7xx_HAL_Driver/Src/stm32f7xx_hal_pwr_ex.o
                0x00000000080018d0                HAL_PWREx_EnableOverDrive
 .text.HAL_RCC_OscConfig
                0x0000000008001970      0x55c Drivers/STM32F7xx_HAL_Driver/Src/stm32f7xx_hal_rcc.o
                0x0000000008001970                HAL_RCC_OscConfig
 .text.HAL_RCC_ClockConfig
                0x0000000008001ecc      0x1d8 Drivers/STM32F7xx_HAL_Driver/Src/stm32f7xx_hal_rcc.o
                0x0000000008001ecc                HAL_RCC_ClockConfig
 .text.HAL_RCC_GetSysClockFreq
                0x00000000080020a4      0x1b0 Drivers/STM32F7xx_HAL_Driver/Src/stm32f7xx_hal_rcc.o
                0x00000000080020a4                HAL_RCC_GetSysClockFreq
 .text.HAL_RCC_GetHCLKFreq
                0x0000000008002254       0x18 Drivers/STM32F7xx_HAL_Driver/Src/stm32f7xx_hal_rcc.o
                0x0000000008002254                HAL_RCC_GetHCLKFreq
 .text.HAL_RCC_GetPCLK1Freq
                0x000000000800226c       0x28 Drivers/STM32F7xx_HAL_Driver/Src/stm32f7xx_hal_rcc.o
                0x000000000800226c                HAL_RCC_GetPCLK1Freq
 .text.HAL_RCC_GetPCLK2Freq
                0x0000000008002294       0x28 Drivers/STM32F7xx_HAL_Driver/Src/stm32f7xx_hal_rcc.o
                0x0000000008002294                HAL_RCC_GetPCLK2Freq
 .text.HAL_RCCEx_PeriphCLKConfig
                0x00000000080022bc      0x84c Drivers/STM32F7xx_HAL_Driver/Src/stm32f7xx_hal_rcc_ex.o
                0x00000000080022bc                HAL_RCCEx_PeriphCLKConfig
 .text.HAL_UART_Init
                0x0000000008002b08       0x9c Drivers/STM32F7xx_HAL_Driver/Src/stm32f7xx_hal_uart.o
                0x0000000008002b08                HAL_UART_Init
 .text.HAL_UART_Transmit
                0x0000000008002ba4      0x122 Drivers/STM32F7xx_HAL_Driver/Src/stm32f7xx_hal_uart.o
                0x0000000008002ba4                HAL_UART_Transmit
 *fill*         0x0000000008002cc6        0x2 
 .text.UART_SetConfig
                0x0000000008002cc8      0x554 Drivers/STM32F7xx_HAL_Driver/Src/stm32f7xx_hal_uart.o
                0x0000000008002cc8                UART_SetConfig
 .text.UART_AdvFeatureConfig
                0x000000000800321c      0x144 Drivers/STM32F7xx_HAL_Driver/Src/stm32f7xx_hal_uart.o
                0x000000000800321c                UART_AdvFeatureConfig
 .text.UART_CheckIdleState
                0x0000000008003360       0x8a Drivers/STM32F7xx_HAL_Driver/Src/stm32f7xx_hal_uart.o
                0x0000000008003360                UART_CheckIdleState
 .text.UART_WaitOnFlagUntilTimeout
                0x00000000080033ea       0xf6 Drivers/STM32F7xx_HAL_Driver/Src/stm32f7xx_hal_uart.o
                0x00000000080033ea                UART_WaitOnFlagUntilTimeout
 .text.USB_CoreInit
                0x00000000080034e0       0xb0 Drivers/STM32F7xx_HAL_Driver/Src/stm32f7xx_ll_usb.o
                0x00000000080034e0                USB_CoreInit
 .text.USB_DisableGlobalInt
                0x0000000008003590       0x22 Drivers/STM32F7xx_HAL_Driver/Src/stm32f7xx_ll_usb.o
                0x0000000008003590                USB_DisableGlobalInt
 .text.USB_SetCurrentMode
                0x00000000080035b2       0x54 Drivers/STM32F7xx_HAL_Driver/Src/stm32f7xx_ll_usb.o
                0x00000000080035b2                USB_SetCurrentMode
 *fill*         0x0000000008003606        0x2 
 .text.USB_DevInit
                0x0000000008003608      0x2dc Drivers/STM32F7xx_HAL_Driver/Src/stm32f7xx_ll_usb.o
                0x0000000008003608                USB_DevInit
 .text.USB_FlushTxFifo
                0x00000000080038e4       0x4c Drivers/STM32F7xx_HAL_Driver/Src/stm32f7xx_ll_usb.o
                0x00000000080038e4                USB_FlushTxFifo
 .text.USB_FlushRxFifo
                0x0000000008003930       0x44 Drivers/STM32F7xx_HAL_Driver/Src/stm32f7xx_ll_usb.o
                0x0000000008003930                USB_FlushRxFifo
 .text.USB_SetDevSpeed
                0x0000000008003974       0x32 Drivers/STM32F7xx_HAL_Driver/Src/stm32f7xx_ll_usb.o
                0x0000000008003974                USB_SetDevSpeed
 .text.USB_DevDisconnect
                0x00000000080039a6       0x30 Drivers/STM32F7xx_HAL_Driver/Src/stm32f7xx_ll_usb.o
                0x00000000080039a6                USB_DevDisconnect
 *fill*         0x00000000080039d6        0x2 
 .text.USB_CoreReset
                0x00000000080039d8       0x68 Drivers/STM32F7xx_HAL_Driver/Src/stm32f7xx_ll_usb.o
 .text.makeFreeRtosPriority
                0x0000000008003a40       0x30 Middlewares/Third_Party/FreeRTOS/Source/CMSIS_RTOS/cmsis_os.o
 .text.osKernelStart
                0x0000000008003a70        0xe Middlewares/Third_Party/FreeRTOS/Source/CMSIS_RTOS/cmsis_os.o
                0x0000000008003a70                osKernelStart
 .text.osThreadCreate
                0x0000000008003a7e       0x98 Middlewares/Third_Party/FreeRTOS/Source/CMSIS_RTOS/cmsis_os.o
                0x0000000008003a7e                osThreadCreate
 .text.osDelay  0x0000000008003b16       0x28 Middlewares/Third_Party/FreeRTOS/Source/CMSIS_RTOS/cmsis_os.o
                0x0000000008003b16                osDelay
 .text.xEventGroupCreate
                0x0000000008003b3e       0x34 Middlewares/Third_Party/FreeRTOS/Source/event_groups.o
                0x0000000008003b3e                xEventGroupCreate
 *fill*         0x0000000008003b72        0x2 
 .text.xEventGroupWaitBits
                0x0000000008003b74      0x1a4 Middlewares/Third_Party/FreeRTOS/Source/event_groups.o
                0x0000000008003b74                xEventGroupWaitBits
 .text.xEventGroupClearBits
                0x0000000008003d18       0x74 Middlewares/Third_Party/FreeRTOS/Source/event_groups.o
                0x0000000008003d18                xEventGroupClearBits
 .text.xEventGroupSetBits
                0x0000000008003d8c      0x11a Middlewares/Third_Party/FreeRTOS/Source/event_groups.o
                0x0000000008003d8c                xEventGroupSetBits
 .text.vEventGroupDelete
                0x0000000008003ea6       0x6c Middlewares/Third_Party/FreeRTOS/Source/event_groups.o
                0x0000000008003ea6                vEventGroupDelete
 .text.prvTestWaitCondition
                0x0000000008003f12       0x44 Middlewares/Third_Party/FreeRTOS/Source/event_groups.o
 .text.vListInitialise
                0x0000000008003f56       0x40 Middlewares/Third_Party/FreeRTOS/Source/list.o
                0x0000000008003f56                vListInitialise
 .text.vListInitialiseItem
                0x0000000008003f96       0x1a Middlewares/Third_Party/FreeRTOS/Source/list.o
                0x0000000008003f96                vListInitialiseItem
 .text.vListInsertEnd
                0x0000000008003fb0       0x48 Middlewares/Third_Party/FreeRTOS/Source/list.o
                0x0000000008003fb0                vListInsertEnd
 .text.vListInsert
                0x0000000008003ff8       0x72 Middlewares/Third_Party/FreeRTOS/Source/list.o
                0x0000000008003ff8                vListInsert
 .text.uxListRemove
                0x000000000800406a       0x54 Middlewares/Third_Party/FreeRTOS/Source/list.o
                0x000000000800406a                uxListRemove
 *fill*         0x00000000080040be        0x2 
 .text.xQueueGenericReset
                0x00000000080040c0       0xd4 Middlewares/Third_Party/FreeRTOS/Source/queue.o
                0x00000000080040c0                xQueueGenericReset
 .text.xQueueGenericCreate
                0x0000000008004194       0x82 Middlewares/Third_Party/FreeRTOS/Source/queue.o
                0x0000000008004194                xQueueGenericCreate
 .text.prvInitialiseNewQueue
                0x0000000008004216       0x3e Middlewares/Third_Party/FreeRTOS/Source/queue.o
 .text.xQueueCreateCountingSemaphore
                0x0000000008004254       0x6a Middlewares/Third_Party/FreeRTOS/Source/queue.o
                0x0000000008004254                xQueueCreateCountingSemaphore
 *fill*         0x00000000080042be        0x2 
 .text.xQueueGenericSend
                0x00000000080042c0      0x204 Middlewares/Third_Party/FreeRTOS/Source/queue.o
                0x00000000080042c0                xQueueGenericSend
 .text.xQueueReceive
                0x00000000080044c4      0x1c4 Middlewares/Third_Party/FreeRTOS/Source/queue.o
                0x00000000080044c4                xQueueReceive
 .text.xQueueSemaphoreTake
                0x0000000008004688      0x220 Middlewares/Third_Party/FreeRTOS/Source/queue.o
                0x0000000008004688                xQueueSemaphoreTake
 .text.uxQueueMessagesWaiting
                0x00000000080048a8       0x3e Middlewares/Third_Party/FreeRTOS/Source/queue.o
                0x00000000080048a8                uxQueueMessagesWaiting
 .text.vQueueDelete
                0x00000000080048e6       0x48 Middlewares/Third_Party/FreeRTOS/Source/queue.o
                0x00000000080048e6                vQueueDelete
 .text.prvGetDisinheritPriorityAfterTimeout
                0x000000000800492e       0x30 Middlewares/Third_Party/FreeRTOS/Source/queue.o
 .text.prvCopyDataToQueue
                0x000000000800495e       0xd4 Middlewares/Third_Party/FreeRTOS/Source/queue.o
 .text.prvCopyDataFromQueue
                0x0000000008004a32       0x4c Middlewares/Third_Party/FreeRTOS/Source/queue.o
 .text.prvUnlockQueue
                0x0000000008004a7e       0xa4 Middlewares/Third_Party/FreeRTOS/Source/queue.o
 .text.prvIsQueueEmpty
                0x0000000008004b22       0x2c Middlewares/Third_Party/FreeRTOS/Source/queue.o
 .text.prvIsQueueFull
                0x0000000008004b4e       0x30 Middlewares/Third_Party/FreeRTOS/Source/queue.o
 *fill*         0x0000000008004b7e        0x2 
 .text.vQueueAddToRegistry
                0x0000000008004b80       0x50 Middlewares/Third_Party/FreeRTOS/Source/queue.o
                0x0000000008004b80                vQueueAddToRegistry
 .text.vQueueUnregisterQueue
                0x0000000008004bd0       0x54 Middlewares/Third_Party/FreeRTOS/Source/queue.o
                0x0000000008004bd0                vQueueUnregisterQueue
 .text.xTaskCreateStatic
                0x0000000008004c24       0xc0 Middlewares/Third_Party/FreeRTOS/Source/tasks.o
                0x0000000008004c24                xTaskCreateStatic
 .text.xTaskCreate
                0x0000000008004ce4       0x8a Middlewares/Third_Party/FreeRTOS/Source/tasks.o
                0x0000000008004ce4                xTaskCreate
 .text.prvInitialiseNewTask
                0x0000000008004d6e      0x110 Middlewares/Third_Party/FreeRTOS/Source/tasks.o
 *fill*         0x0000000008004e7e        0x2 
 .text.prvAddNewTaskToReadyList
                0x0000000008004e80       0xd4 Middlewares/Third_Party/FreeRTOS/Source/tasks.o
 .text.vTaskDelay
                0x0000000008004f54       0x6c Middlewares/Third_Party/FreeRTOS/Source/tasks.o
                0x0000000008004f54                vTaskDelay
 .text.vTaskStartScheduler
                0x0000000008004fc0       0xc4 Middlewares/Third_Party/FreeRTOS/Source/tasks.o
                0x0000000008004fc0                vTaskStartScheduler
 .text.vTaskSuspendAll
                0x0000000008005084       0x1c Middlewares/Third_Party/FreeRTOS/Source/tasks.o
                0x0000000008005084                vTaskSuspendAll
 .text.xTaskResumeAll
                0x00000000080050a0      0x13c Middlewares/Third_Party/FreeRTOS/Source/tasks.o
                0x00000000080050a0                xTaskResumeAll
 .text.xTaskGetTickCount
                0x00000000080051dc       0x20 Middlewares/Third_Party/FreeRTOS/Source/tasks.o
                0x00000000080051dc                xTaskGetTickCount
 .text.xTaskIncrementTick
                0x00000000080051fc      0x174 Middlewares/Third_Party/FreeRTOS/Source/tasks.o
                0x00000000080051fc                xTaskIncrementTick
 .text.vTaskSwitchContext
                0x0000000008005370       0xb8 Middlewares/Third_Party/FreeRTOS/Source/tasks.o
                0x0000000008005370                vTaskSwitchContext
 .text.vTaskPlaceOnEventList
                0x0000000008005428       0x4c Middlewares/Third_Party/FreeRTOS/Source/tasks.o
                0x0000000008005428                vTaskPlaceOnEventList
 .text.vTaskPlaceOnUnorderedEventList
                0x0000000008005474       0x7c Middlewares/Third_Party/FreeRTOS/Source/tasks.o
                0x0000000008005474                vTaskPlaceOnUnorderedEventList
 .text.xTaskRemoveFromEventList
                0x00000000080054f0       0xc8 Middlewares/Third_Party/FreeRTOS/Source/tasks.o
                0x00000000080054f0                xTaskRemoveFromEventList
 .text.vTaskRemoveFromUnorderedEventList
                0x00000000080055b8       0xc8 Middlewares/Third_Party/FreeRTOS/Source/tasks.o
                0x00000000080055b8                vTaskRemoveFromUnorderedEventList
 .text.vTaskSetTimeOutState
                0x0000000008005680       0x50 Middlewares/Third_Party/FreeRTOS/Source/tasks.o
                0x0000000008005680                vTaskSetTimeOutState
 .text.vTaskInternalSetTimeOutState
                0x00000000080056d0       0x2c Middlewares/Third_Party/FreeRTOS/Source/tasks.o
                0x00000000080056d0                vTaskInternalSetTimeOutState
 .text.xTaskCheckForTimeOut
                0x00000000080056fc       0xc8 Middlewares/Third_Party/FreeRTOS/Source/tasks.o
                0x00000000080056fc                xTaskCheckForTimeOut
 .text.vTaskMissedYield
                0x00000000080057c4       0x18 Middlewares/Third_Party/FreeRTOS/Source/tasks.o
                0x00000000080057c4                vTaskMissedYield
 .text.prvIdleTask
                0x00000000080057dc       0x30 Middlewares/Third_Party/FreeRTOS/Source/tasks.o
 .text.prvInitialiseTaskLists
                0x000000000800580c       0x80 Middlewares/Third_Party/FreeRTOS/Source/tasks.o
 .text.prvCheckTasksWaitingTermination
                0x000000000800588c       0x58 Middlewares/Third_Party/FreeRTOS/Source/tasks.o
 .text.prvDeleteTCB
                0x00000000080058e4       0x60 Middlewares/Third_Party/FreeRTOS/Source/tasks.o
 .text.prvResetNextTaskUnblockTime
                0x0000000008005944       0x40 Middlewares/Third_Party/FreeRTOS/Source/tasks.o
 .text.xTaskGetCurrentTaskHandle
                0x0000000008005984       0x20 Middlewares/Third_Party/FreeRTOS/Source/tasks.o
                0x0000000008005984                xTaskGetCurrentTaskHandle
 .text.xTaskGetSchedulerState
                0x00000000080059a4       0x3c Middlewares/Third_Party/FreeRTOS/Source/tasks.o
                0x00000000080059a4                xTaskGetSchedulerState
 .text.xTaskPriorityInherit
                0x00000000080059e0      0x100 Middlewares/Third_Party/FreeRTOS/Source/tasks.o
                0x00000000080059e0                xTaskPriorityInherit
 .text.xTaskPriorityDisinherit
                0x0000000008005ae0      0x110 Middlewares/Third_Party/FreeRTOS/Source/tasks.o
                0x0000000008005ae0                xTaskPriorityDisinherit
 .text.vTaskPriorityDisinheritAfterTimeout
                0x0000000008005bf0      0x138 Middlewares/Third_Party/FreeRTOS/Source/tasks.o
                0x0000000008005bf0                vTaskPriorityDisinheritAfterTimeout
 .text.uxTaskResetEventItemValue
                0x0000000008005d28       0x30 Middlewares/Third_Party/FreeRTOS/Source/tasks.o
                0x0000000008005d28                uxTaskResetEventItemValue
 .text.pvTaskIncrementMutexHeldCount
                0x0000000008005d58       0x28 Middlewares/Third_Party/FreeRTOS/Source/tasks.o
                0x0000000008005d58                pvTaskIncrementMutexHeldCount
 .text.ulTaskNotifyTake
                0x0000000008005d80       0x90 Middlewares/Third_Party/FreeRTOS/Source/tasks.o
                0x0000000008005d80                ulTaskNotifyTake
 .text.vTaskNotifyGiveFromISR
                0x0000000008005e10      0x128 Middlewares/Third_Party/FreeRTOS/Source/tasks.o
                0x0000000008005e10                vTaskNotifyGiveFromISR
 .text.prvAddCurrentTaskToDelayedList
                0x0000000008005f38       0xcc Middlewares/Third_Party/FreeRTOS/Source/tasks.o
 .text.pxPortInitialiseStack
                0x0000000008006004       0x68 Middlewares/Third_Party/FreeRTOS/Source/portable/GCC/ARM_CM7/r0p1/port.o
                0x0000000008006004                pxPortInitialiseStack
 .text.prvTaskExitError
                0x000000000800606c       0x5c Middlewares/Third_Party/FreeRTOS/Source/portable/GCC/ARM_CM7/r0p1/port.o
 *fill*         0x00000000080060c8        0x8 
 .text.SVC_Handler
                0x00000000080060d0       0x28 Middlewares/Third_Party/FreeRTOS/Source/portable/GCC/ARM_CM7/r0p1/port.o
                0x00000000080060d0                SVC_Handler
 .text.prvPortStartFirstTask
                0x00000000080060f8       0x28 Middlewares/Third_Party/FreeRTOS/Source/portable/GCC/ARM_CM7/r0p1/port.o
 .text.xPortStartScheduler
                0x0000000008006120       0xf8 Middlewares/Third_Party/FreeRTOS/Source/portable/GCC/ARM_CM7/r0p1/port.o
                0x0000000008006120                xPortStartScheduler
 .text.vPortEnterCritical
                0x0000000008006218       0x64 Middlewares/Third_Party/FreeRTOS/Source/portable/GCC/ARM_CM7/r0p1/port.o
                0x0000000008006218                vPortEnterCritical
 .text.vPortExitCritical
                0x000000000800627c       0x54 Middlewares/Third_Party/FreeRTOS/Source/portable/GCC/ARM_CM7/r0p1/port.o
                0x000000000800627c                vPortExitCritical
 .text.PendSV_Handler
                0x00000000080062d0       0x68 Middlewares/Third_Party/FreeRTOS/Source/portable/GCC/ARM_CM7/r0p1/port.o
                0x00000000080062d0                PendSV_Handler
 .text.xPortSysTickHandler
                0x0000000008006338       0x44 Middlewares/Third_Party/FreeRTOS/Source/portable/GCC/ARM_CM7/r0p1/port.o
                0x0000000008006338                xPortSysTickHandler
 .text.vPortSetupTimerInterrupt
                0x000000000800637c       0x48 Middlewares/Third_Party/FreeRTOS/Source/portable/GCC/ARM_CM7/r0p1/port.o
                0x000000000800637c                vPortSetupTimerInterrupt
 .text.vPortEnableVFP
                0x00000000080063c4       0x14 Middlewares/Third_Party/FreeRTOS/Source/portable/GCC/ARM_CM7/r0p1/port.o
 .text.vPortValidateInterruptPriority
                0x00000000080063d8       0x84 Middlewares/Third_Party/FreeRTOS/Source/portable/GCC/ARM_CM7/r0p1/port.o
                0x00000000080063d8                vPortValidateInterruptPriority
 .text.pvPortMalloc
                0x000000000800645c      0x190 Middlewares/Third_Party/FreeRTOS/Source/portable/MemMang/heap_4.o
                0x000000000800645c                pvPortMalloc
 .text.vPortFree
                0x00000000080065ec       0xb8 Middlewares/Third_Party/FreeRTOS/Source/portable/MemMang/heap_4.o
                0x00000000080065ec                vPortFree
 .text.prvHeapInit
                0x00000000080066a4       0xc4 Middlewares/Third_Party/FreeRTOS/Source/portable/MemMang/heap_4.o
 .text.prvInsertBlockIntoFreeList
                0x0000000008006768       0xb4 Middlewares/Third_Party/FreeRTOS/Source/portable/MemMang/heap_4.o
 .text.vCastPointerTo_ARPPacket_t
                0x000000000800681c       0x16 Middlewares/Third_Party/Freertos_Plus/FreeRTOS_ARP.o
 *fill*         0x0000000008006832        0x2 
 .text.eARPProcessPacket
                0x0000000008006834      0x124 Middlewares/Third_Party/Freertos_Plus/FreeRTOS_ARP.o
                0x0000000008006834                eARPProcessPacket
 .text.vARPRefreshCacheEntry
                0x0000000008006958      0x1f0 Middlewares/Third_Party/Freertos_Plus/FreeRTOS_ARP.o
                0x0000000008006958                vARPRefreshCacheEntry
 .text.eARPGetCacheEntry
                0x0000000008006b48       0xd0 Middlewares/Third_Party/Freertos_Plus/FreeRTOS_ARP.o
                0x0000000008006b48                eARPGetCacheEntry
 .text.prvCacheLookup
                0x0000000008006c18       0x80 Middlewares/Third_Party/Freertos_Plus/FreeRTOS_ARP.o
 .text.vARPAgeCache
                0x0000000008006c98      0x11c Middlewares/Third_Party/Freertos_Plus/FreeRTOS_ARP.o
                0x0000000008006c98                vARPAgeCache
 .text.vARPSendGratuitous
                0x0000000008006db4       0x18 Middlewares/Third_Party/Freertos_Plus/FreeRTOS_ARP.o
                0x0000000008006db4                vARPSendGratuitous
 .text.FreeRTOS_OutputARPRequest
                0x0000000008006dcc       0x62 Middlewares/Third_Party/Freertos_Plus/FreeRTOS_ARP.o
                0x0000000008006dcc                FreeRTOS_OutputARPRequest
 *fill*         0x0000000008006e2e        0x2 
 .text.vARPGenerateRequestPacket
                0x0000000008006e30       0xc4 Middlewares/Third_Party/Freertos_Plus/FreeRTOS_ARP.o
                0x0000000008006e30                vARPGenerateRequestPacket
 .text.FreeRTOS_ClearARP
                0x0000000008006ef4       0x18 Middlewares/Third_Party/Freertos_Plus/FreeRTOS_ARP.o
                0x0000000008006ef4                FreeRTOS_ClearARP
 .text.vCastPointerTo_DHCPMessage_IPv4_t
                0x0000000008006f0c       0x16 Middlewares/Third_Party/Freertos_Plus/FreeRTOS_DHCP.o
 .text.vCastConstPointerTo_DHCPMessage_IPv4_t
                0x0000000008006f22       0x16 Middlewares/Third_Party/Freertos_Plus/FreeRTOS_DHCP.o
 .text.xIsDHCPSocket
                0x0000000008006f38       0x30 Middlewares/Third_Party/Freertos_Plus/FreeRTOS_DHCP.o
                0x0000000008006f38                xIsDHCPSocket
 .text.vDHCPProcess
                0x0000000008006f68      0x248 Middlewares/Third_Party/Freertos_Plus/FreeRTOS_DHCP.o
                0x0000000008006f68                vDHCPProcess
 .text.prvCloseDHCPSocket
                0x00000000080071b0       0x24 Middlewares/Third_Party/Freertos_Plus/FreeRTOS_DHCP.o
 .text.prvCreateDHCPSocket
                0x00000000080071d4       0x88 Middlewares/Third_Party/Freertos_Plus/FreeRTOS_DHCP.o
                0x00000000080071d4                prvCreateDHCPSocket
 .text.prvInitialiseDHCP
                0x000000000800725c       0x3c Middlewares/Third_Party/Freertos_Plus/FreeRTOS_DHCP.o
 .text.prvProcessDHCPReplies
                0x0000000008007298      0x364 Middlewares/Third_Party/Freertos_Plus/FreeRTOS_DHCP.o
                0x0000000008007298                prvProcessDHCPReplies
 .text.prvCreatePartDHCPMessage
                0x00000000080075fc      0x184 Middlewares/Third_Party/Freertos_Plus/FreeRTOS_DHCP.o
 .text.prvSendDHCPRequest
                0x0000000008007780       0x80 Middlewares/Third_Party/Freertos_Plus/FreeRTOS_DHCP.o
 .text.prvSendDHCPDiscover
                0x0000000008007800       0x50 Middlewares/Third_Party/Freertos_Plus/FreeRTOS_DHCP.o
 .text.vCastPointerTo_EthernetHeader_t
                0x0000000008007850       0x16 Middlewares/Third_Party/Freertos_Plus/FreeRTOS_IP.o
 .text.vCastConstPointerTo_EthernetHeader_t
                0x0000000008007866       0x16 Middlewares/Third_Party/Freertos_Plus/FreeRTOS_IP.o
 .text.vCastPointerTo_ARPPacket_t
                0x000000000800787c       0x16 Middlewares/Third_Party/Freertos_Plus/FreeRTOS_IP.o
 .text.vCastPointerTo_IPPacket_t
                0x0000000008007892       0x16 Middlewares/Third_Party/Freertos_Plus/FreeRTOS_IP.o
 .text.vCastConstPointerTo_IPPacket_t
                0x00000000080078a8       0x16 Middlewares/Third_Party/Freertos_Plus/FreeRTOS_IP.o
 .text.vCastPointerTo_ICMPPacket_t
                0x00000000080078be       0x16 Middlewares/Third_Party/Freertos_Plus/FreeRTOS_IP.o
 .text.vCastConstPointerTo_UDPPacket_t
                0x00000000080078d4       0x16 Middlewares/Third_Party/Freertos_Plus/FreeRTOS_IP.o
 .text.vCastPointerTo_ProtocolPacket_t
                0x00000000080078ea       0x16 Middlewares/Third_Party/Freertos_Plus/FreeRTOS_IP.o
 .text.vCastConstPointerTo_ProtocolPacket_t
                0x0000000008007900       0x16 Middlewares/Third_Party/Freertos_Plus/FreeRTOS_IP.o
 .text.vCastPointerTo_FreeRTOS_Socket_t
                0x0000000008007916       0x16 Middlewares/Third_Party/Freertos_Plus/FreeRTOS_IP.o
 .text.vCastPointerTo_SocketSelect_t
                0x000000000800792c       0x16 Middlewares/Third_Party/Freertos_Plus/FreeRTOS_IP.o
 .text.vCastPointerTo_NetworkBufferDescriptor_t
                0x0000000008007942       0x16 Middlewares/Third_Party/Freertos_Plus/FreeRTOS_IP.o
 .text.prvIPTask
                0x0000000008007958      0x1b8 Middlewares/Third_Party/Freertos_Plus/FreeRTOS_IP.o
 .text.xIsCallingFromIPTask
                0x0000000008007b10       0x2c Middlewares/Third_Party/Freertos_Plus/FreeRTOS_IP.o
                0x0000000008007b10                xIsCallingFromIPTask
 .text.prvHandleEthernetPacket
                0x0000000008007b3c       0x16 Middlewares/Third_Party/Freertos_Plus/FreeRTOS_IP.o
 *fill*         0x0000000008007b52        0x2 
 .text.prvCalculateSleepTime
                0x0000000008007b54       0x74 Middlewares/Third_Party/Freertos_Plus/FreeRTOS_IP.o
 .text.prvCheckNetworkTimers
                0x0000000008007bc8       0x98 Middlewares/Third_Party/Freertos_Plus/FreeRTOS_IP.o
 .text.prvIPTimerStart
                0x0000000008007c60       0x48 Middlewares/Third_Party/Freertos_Plus/FreeRTOS_IP.o
 .text.prvIPTimerReload
                0x0000000008007ca8       0x20 Middlewares/Third_Party/Freertos_Plus/FreeRTOS_IP.o
 .text.prvIPTimerCheck
                0x0000000008007cc8       0x78 Middlewares/Third_Party/Freertos_Plus/FreeRTOS_IP.o
 .text.FreeRTOS_NetworkDown
                0x0000000008007d40       0x38 Middlewares/Third_Party/Freertos_Plus/FreeRTOS_IP.o
                0x0000000008007d40                FreeRTOS_NetworkDown
 .text.prvPacketBuffer_to_NetworkBuffer
                0x0000000008007d78       0x48 Middlewares/Third_Party/Freertos_Plus/FreeRTOS_IP.o
 .text.pxUDPPayloadBuffer_to_NetworkBuffer
                0x0000000008007dc0       0x1a Middlewares/Third_Party/Freertos_Plus/FreeRTOS_IP.o
                0x0000000008007dc0                pxUDPPayloadBuffer_to_NetworkBuffer
 .text.FreeRTOS_ReleaseUDPPayloadBuffer
                0x0000000008007dda       0x1e Middlewares/Third_Party/Freertos_Plus/FreeRTOS_IP.o
                0x0000000008007dda                FreeRTOS_ReleaseUDPPayloadBuffer
 .text.FreeRTOS_IPInit
                0x0000000008007df8      0x1e4 Middlewares/Third_Party/Freertos_Plus/FreeRTOS_IP.o
                0x0000000008007df8                FreeRTOS_IPInit
 .text.xSendEventToIPTask
                0x0000000008007fdc       0x2c Middlewares/Third_Party/Freertos_Plus/FreeRTOS_IP.o
                0x0000000008007fdc                xSendEventToIPTask
 .text.xSendEventStructToIPTask
                0x0000000008008008       0x98 Middlewares/Third_Party/Freertos_Plus/FreeRTOS_IP.o
                0x0000000008008008                xSendEventStructToIPTask
 .text.prvProcessNetworkDownEvent
                0x00000000080080a0       0x58 Middlewares/Third_Party/Freertos_Plus/FreeRTOS_IP.o
 .text.vIPNetworkUpCalls
                0x00000000080080f8       0x28 Middlewares/Third_Party/Freertos_Plus/FreeRTOS_IP.o
                0x00000000080080f8                vIPNetworkUpCalls
 .text.prvProcessEthernetPacket
                0x0000000008008120       0xd0 Middlewares/Third_Party/Freertos_Plus/FreeRTOS_IP.o
 .text.xIsIPv4Multicast
                0x00000000080081f0       0x50 Middlewares/Third_Party/Freertos_Plus/FreeRTOS_IP.o
                0x00000000080081f0                xIsIPv4Multicast
 .text.vSetMultiCastIPv4MacAddress
                0x0000000008008240       0x6a Middlewares/Third_Party/Freertos_Plus/FreeRTOS_IP.o
                0x0000000008008240                vSetMultiCastIPv4MacAddress
 *fill*         0x00000000080082aa        0x2 
 .text.prvAllowIPPacket
                0x00000000080082ac      0x100 Middlewares/Third_Party/Freertos_Plus/FreeRTOS_IP.o
 .text.prvProcessIPPacket
                0x00000000080083ac      0x1e8 Middlewares/Third_Party/Freertos_Plus/FreeRTOS_IP.o
 .text.prvProcessICMPEchoRequest
                0x0000000008008594       0xb0 Middlewares/Third_Party/Freertos_Plus/FreeRTOS_IP.o
 .text.prvProcessICMPPacket
                0x0000000008008644       0x34 Middlewares/Third_Party/Freertos_Plus/FreeRTOS_IP.o
 .text.xCheckSizeFields
                0x0000000008008678      0x11e Middlewares/Third_Party/Freertos_Plus/FreeRTOS_IP.o
 *fill*         0x0000000008008796        0x2 
 .text.usGenerateProtocolChecksum
                0x0000000008008798      0x23c Middlewares/Third_Party/Freertos_Plus/FreeRTOS_IP.o
                0x0000000008008798                usGenerateProtocolChecksum
 .text.usGenerateChecksum
                0x00000000080089d4      0x1cc Middlewares/Third_Party/Freertos_Plus/FreeRTOS_IP.o
                0x00000000080089d4                usGenerateChecksum
 .text.vReturnEthernetFrame
                0x0000000008008ba0       0x54 Middlewares/Third_Party/Freertos_Plus/FreeRTOS_IP.o
                0x0000000008008ba0                vReturnEthernetFrame
 .text.FreeRTOS_GetMACAddress
                0x0000000008008bf4       0x14 Middlewares/Third_Party/Freertos_Plus/FreeRTOS_IP.o
                0x0000000008008bf4                FreeRTOS_GetMACAddress
 .text.vIPSetDHCPTimerEnableState
                0x0000000008008c08       0x34 Middlewares/Third_Party/Freertos_Plus/FreeRTOS_IP.o
                0x0000000008008c08                vIPSetDHCPTimerEnableState
 .text.vIPReloadDHCPTimer
                0x0000000008008c3c       0x1c Middlewares/Third_Party/Freertos_Plus/FreeRTOS_IP.o
                0x0000000008008c3c                vIPReloadDHCPTimer
 .text.xIPIsNetworkTaskReady
                0x0000000008008c58       0x18 Middlewares/Third_Party/Freertos_Plus/FreeRTOS_IP.o
                0x0000000008008c58                xIPIsNetworkTaskReady
 .text.FreeRTOS_IsNetworkUp
                0x0000000008008c70       0x18 Middlewares/Third_Party/Freertos_Plus/FreeRTOS_IP.o
                0x0000000008008c70                FreeRTOS_IsNetworkUp
 .text.FreeRTOS_max_uint32
                0x0000000008008c88       0x20 Middlewares/Third_Party/Freertos_Plus/FreeRTOS_Sockets.o
 .text.FreeRTOS_round_up
                0x0000000008008ca8       0x2a Middlewares/Third_Party/Freertos_Plus/FreeRTOS_Sockets.o
 .text.uxStreamBufferSpace
                0x0000000008008cd2       0x3e Middlewares/Third_Party/Freertos_Plus/FreeRTOS_Sockets.o
 .text.uxStreamBufferDistance
                0x0000000008008d10       0x3c Middlewares/Third_Party/Freertos_Plus/FreeRTOS_Sockets.o
 .text.uxStreamBufferGetSpace
                0x0000000008008d4c       0x28 Middlewares/Third_Party/Freertos_Plus/FreeRTOS_Sockets.o
 .text.uxStreamBufferFrontSpace
                0x0000000008008d74       0x28 Middlewares/Third_Party/Freertos_Plus/FreeRTOS_Sockets.o
 .text.uxStreamBufferGetSize
                0x0000000008008d9c       0x28 Middlewares/Third_Party/Freertos_Plus/FreeRTOS_Sockets.o
 .text.vCastPointerTo_FreeRTOS_Socket_t
                0x0000000008008dc4       0x16 Middlewares/Third_Party/Freertos_Plus/FreeRTOS_Sockets.o
 .text.vCastConstPointerTo_FreeRTOS_Socket_t
                0x0000000008008dda       0x16 Middlewares/Third_Party/Freertos_Plus/FreeRTOS_Sockets.o
 .text.vCastPointerTo_NetworkBufferDescriptor_t
                0x0000000008008df0       0x16 Middlewares/Third_Party/Freertos_Plus/FreeRTOS_Sockets.o
 .text.vCastPointerTo_StreamBuffer_t
                0x0000000008008e06       0x16 Middlewares/Third_Party/Freertos_Plus/FreeRTOS_Sockets.o
 .text.prvValidSocket
                0x0000000008008e1c       0x5a Middlewares/Third_Party/Freertos_Plus/FreeRTOS_Sockets.o
 *fill*         0x0000000008008e76        0x2 
 .text.vNetworkSocketsInit
                0x0000000008008e78       0x1c Middlewares/Third_Party/Freertos_Plus/FreeRTOS_Sockets.o
                0x0000000008008e78                vNetworkSocketsInit
 .text.prvDetermineSocketSize
                0x0000000008008e94      0x12c Middlewares/Third_Party/Freertos_Plus/FreeRTOS_Sockets.o
 .text.FreeRTOS_socket
                0x0000000008008fc0      0x138 Middlewares/Third_Party/Freertos_Plus/FreeRTOS_Sockets.o
                0x0000000008008fc0                FreeRTOS_socket
 .text.FreeRTOS_recvfrom
                0x00000000080090f8      0x15e Middlewares/Third_Party/Freertos_Plus/FreeRTOS_Sockets.o
                0x00000000080090f8                FreeRTOS_recvfrom
 .text.FreeRTOS_sendto
                0x0000000008009256      0x14e Middlewares/Third_Party/Freertos_Plus/FreeRTOS_Sockets.o
                0x0000000008009256                FreeRTOS_sendto
 .text.FreeRTOS_bind
                0x00000000080093a4       0xd6 Middlewares/Third_Party/Freertos_Plus/FreeRTOS_Sockets.o
                0x00000000080093a4                FreeRTOS_bind
 *fill*         0x000000000800947a        0x2 
 .text.vSocketBind
                0x000000000800947c      0x134 Middlewares/Third_Party/Freertos_Plus/FreeRTOS_Sockets.o
                0x000000000800947c                vSocketBind
 .text.FreeRTOS_closesocket
                0x00000000080095b0       0x4c Middlewares/Third_Party/Freertos_Plus/FreeRTOS_Sockets.o
                0x00000000080095b0                FreeRTOS_closesocket
 .text.vSocketClose
                0x00000000080095fc       0xbc Middlewares/Third_Party/Freertos_Plus/FreeRTOS_Sockets.o
                0x00000000080095fc                vSocketClose
 .text.prvTCPSetSocketCount
                0x00000000080096b8       0x70 Middlewares/Third_Party/Freertos_Plus/FreeRTOS_Sockets.o
 .text.prvSockopt_so_buffer
                0x0000000008009728       0x7a Middlewares/Third_Party/Freertos_Plus/FreeRTOS_Sockets.o
 *fill*         0x00000000080097a2        0x2 
 .text.FreeRTOS_setsockopt
                0x00000000080097a4      0x360 Middlewares/Third_Party/Freertos_Plus/FreeRTOS_Sockets.o
                0x00000000080097a4                FreeRTOS_setsockopt
 .text.prvGetPrivatePortNumber
                0x0000000008009b04       0xb0 Middlewares/Third_Party/Freertos_Plus/FreeRTOS_Sockets.o
 .text.pxListFindListItemWithValue
                0x0000000008009bb4       0x54 Middlewares/Third_Party/Freertos_Plus/FreeRTOS_Sockets.o
 .text.pxUDPSocketLookup
                0x0000000008009c08       0x54 Middlewares/Third_Party/Freertos_Plus/FreeRTOS_Sockets.o
                0x0000000008009c08                pxUDPSocketLookup
 .text.vSocketWakeUpUser
                0x0000000008009c5c       0x86 Middlewares/Third_Party/Freertos_Plus/FreeRTOS_Sockets.o
                0x0000000008009c5c                vSocketWakeUpUser
 *fill*         0x0000000008009ce2        0x2 
 .text.xTCPTimerCheck
                0x0000000008009ce4       0xec Middlewares/Third_Party/Freertos_Plus/FreeRTOS_Sockets.o
                0x0000000008009ce4                xTCPTimerCheck
 .text.pxTCPSocketLookup
                0x0000000008009dd0       0x8c Middlewares/Third_Party/Freertos_Plus/FreeRTOS_Sockets.o
                0x0000000008009dd0                pxTCPSocketLookup
 .text.prvTCPCreateStream
                0x0000000008009e5c       0xd8 Middlewares/Third_Party/Freertos_Plus/FreeRTOS_Sockets.o
 .text.lTCPAddRxdata
                0x0000000008009f34       0xce Middlewares/Third_Party/Freertos_Plus/FreeRTOS_Sockets.o
                0x0000000008009f34                lTCPAddRxdata
 .text.FreeRTOS_tx_space
                0x000000000800a002       0x46 Middlewares/Third_Party/Freertos_Plus/FreeRTOS_Sockets.o
                0x000000000800a002                FreeRTOS_tx_space
 .text.FreeRTOS_tx_size
                0x000000000800a048       0x44 Middlewares/Third_Party/Freertos_Plus/FreeRTOS_Sockets.o
                0x000000000800a048                FreeRTOS_tx_size
 .text.FreeRTOS_rx_size
                0x000000000800a08c       0x44 Middlewares/Third_Party/Freertos_Plus/FreeRTOS_Sockets.o
                0x000000000800a08c                FreeRTOS_rx_size
 .text.vTCPNetStat
                0x000000000800a0d0      0x10c Middlewares/Third_Party/Freertos_Plus/FreeRTOS_Sockets.o
                0x000000000800a0d0                vTCPNetStat
 .text.vSocketSelect
                0x000000000800a1dc      0x23c Middlewares/Third_Party/Freertos_Plus/FreeRTOS_Sockets.o
                0x000000000800a1dc                vSocketSelect
 .text.FreeRTOS_min_uint32
                0x000000000800a418       0x20 Middlewares/Third_Party/Freertos_Plus/FreeRTOS_Stream_Buffer.o
 .text.uxStreamBufferSpace
                0x000000000800a438       0x3e Middlewares/Third_Party/Freertos_Plus/FreeRTOS_Stream_Buffer.o
 .text.uxStreamBufferDistance
                0x000000000800a476       0x3c Middlewares/Third_Party/Freertos_Plus/FreeRTOS_Stream_Buffer.o
 .text.uxStreamBufferGetSpace
                0x000000000800a4b2       0x28 Middlewares/Third_Party/Freertos_Plus/FreeRTOS_Stream_Buffer.o
 .text.uxStreamBufferGetSize
                0x000000000800a4da       0x28 Middlewares/Third_Party/Freertos_Plus/FreeRTOS_Stream_Buffer.o
 .text.xStreamBufferLessThenEqual
                0x000000000800a502       0x66 Middlewares/Third_Party/Freertos_Plus/FreeRTOS_Stream_Buffer.o
 .text.uxStreamBufferAdd
                0x000000000800a568      0x100 Middlewares/Third_Party/Freertos_Plus/FreeRTOS_Stream_Buffer.o
                0x000000000800a568                uxStreamBufferAdd
 .text.uxStreamBufferGet
                0x000000000800a668       0xe8 Middlewares/Third_Party/Freertos_Plus/FreeRTOS_Stream_Buffer.o
                0x000000000800a668                uxStreamBufferGet
 .text.FreeRTOS_min_int32
                0x000000000800a750       0x20 Middlewares/Third_Party/Freertos_Plus/FreeRTOS_TCP_IP.o
 .text.FreeRTOS_min_uint32
                0x000000000800a770       0x20 Middlewares/Third_Party/Freertos_Plus/FreeRTOS_TCP_IP.o
 .text.uxStreamBufferSpace
                0x000000000800a790       0x3e Middlewares/Third_Party/Freertos_Plus/FreeRTOS_TCP_IP.o
 .text.uxStreamBufferDistance
                0x000000000800a7ce       0x3c Middlewares/Third_Party/Freertos_Plus/FreeRTOS_TCP_IP.o
 .text.uxStreamBufferGetSpace
                0x000000000800a80a       0x28 Middlewares/Third_Party/Freertos_Plus/FreeRTOS_TCP_IP.o
 .text.uxStreamBufferFrontSpace
                0x000000000800a832       0x28 Middlewares/Third_Party/Freertos_Plus/FreeRTOS_TCP_IP.o
 .text.uxStreamBufferMidSpace
                0x000000000800a85a       0x28 Middlewares/Third_Party/Freertos_Plus/FreeRTOS_TCP_IP.o
 .text.vStreamBufferMoveMid
                0x000000000800a882       0x50 Middlewares/Third_Party/Freertos_Plus/FreeRTOS_TCP_IP.o
 .text.vCastConstPointerTo_IPHeader_t
                0x000000000800a8d2       0x16 Middlewares/Third_Party/Freertos_Plus/FreeRTOS_TCP_IP.o
 .text.vCastPointerTo_TCPPacket_t
                0x000000000800a8e8       0x16 Middlewares/Third_Party/Freertos_Plus/FreeRTOS_TCP_IP.o
 .text.vCastConstPointerTo_TCPPacket_t
                0x000000000800a8fe       0x16 Middlewares/Third_Party/Freertos_Plus/FreeRTOS_TCP_IP.o
 .text.vCastPointerTo_ProtocolHeaders_t
                0x000000000800a914       0x16 Middlewares/Third_Party/Freertos_Plus/FreeRTOS_TCP_IP.o
 .text.vCastConstPointerTo_ProtocolHeaders_t
                0x000000000800a92a       0x16 Middlewares/Third_Party/Freertos_Plus/FreeRTOS_TCP_IP.o
 .text.vCastPointerTo_FreeRTOS_Socket_t
                0x000000000800a940       0x16 Middlewares/Third_Party/Freertos_Plus/FreeRTOS_TCP_IP.o
 .text.ulChar2u32
                0x000000000800a956       0x36 Middlewares/Third_Party/Freertos_Plus/FreeRTOS_TCP_IP.o
 .text.usChar2u16
                0x000000000800a98c       0x2a Middlewares/Third_Party/Freertos_Plus/FreeRTOS_TCP_IP.o
 *fill*         0x000000000800a9b6        0x2 
 .text.prvTCPSocketIsActive
                0x000000000800a9b8       0x64 Middlewares/Third_Party/Freertos_Plus/FreeRTOS_TCP_IP.o
 .text.prvTCPStatusAgeCheck
                0x000000000800aa1c       0xb0 Middlewares/Third_Party/Freertos_Plus/FreeRTOS_TCP_IP.o
 .text.xTCPSocketCheck
                0x000000000800aacc       0xc4 Middlewares/Third_Party/Freertos_Plus/FreeRTOS_TCP_IP.o
                0x000000000800aacc                xTCPSocketCheck
 .text.prvTCPSendPacket
                0x000000000800ab90       0xd0 Middlewares/Third_Party/Freertos_Plus/FreeRTOS_TCP_IP.o
 .text.prvTCPSendRepeated
                0x000000000800ac60       0x5a Middlewares/Third_Party/Freertos_Plus/FreeRTOS_TCP_IP.o
 *fill*         0x000000000800acba        0x2 
 .text.prvTCPReturnPacket
                0x000000000800acbc      0x3d8 Middlewares/Third_Party/Freertos_Plus/FreeRTOS_TCP_IP.o
 .text.prvTCPCreateWindow
                0x000000000800b094       0x50 Middlewares/Third_Party/Freertos_Plus/FreeRTOS_TCP_IP.o
 .text.prvTCPPrepareConnect
                0x000000000800b0e4      0x1dc Middlewares/Third_Party/Freertos_Plus/FreeRTOS_TCP_IP.o
 .text.prvCheckOptions
                0x000000000800b2c0       0xbc Middlewares/Third_Party/Freertos_Plus/FreeRTOS_TCP_IP.o
                0x000000000800b2c0                prvCheckOptions
 .text.prvSingleStepTCPHeaderOptions
                0x000000000800b37c      0x1b8 Middlewares/Third_Party/Freertos_Plus/FreeRTOS_TCP_IP.o
                0x000000000800b37c                prvSingleStepTCPHeaderOptions
 .text.prvReadSackOption
                0x000000000800b534       0x86 Middlewares/Third_Party/Freertos_Plus/FreeRTOS_TCP_IP.o
                0x000000000800b534                prvReadSackOption
 .text.prvWinScaleFactor
                0x000000000800b5ba       0x42 Middlewares/Third_Party/Freertos_Plus/FreeRTOS_TCP_IP.o
 .text.prvSetSynAckOptions
                0x000000000800b5fc       0xa2 Middlewares/Third_Party/Freertos_Plus/FreeRTOS_TCP_IP.o
 .text.prvTCPTouchSocket
                0x000000000800b69e       0x48 Middlewares/Third_Party/Freertos_Plus/FreeRTOS_TCP_IP.o
 .text.vTCPStateChange
                0x000000000800b6e6      0x1ba Middlewares/Third_Party/Freertos_Plus/FreeRTOS_TCP_IP.o
                0x000000000800b6e6                vTCPStateChange
 .text.prvTCPBufferResize
                0x000000000800b8a0       0xe8 Middlewares/Third_Party/Freertos_Plus/FreeRTOS_TCP_IP.o
 .text.prvTCPPrepareSend
                0x000000000800b988      0x2cc Middlewares/Third_Party/Freertos_Plus/FreeRTOS_TCP_IP.o
 .text.prvTCPNextTimeout
                0x000000000800bc54      0x100 Middlewares/Third_Party/Freertos_Plus/FreeRTOS_TCP_IP.o
 .text.prvTCPAddTxData
                0x000000000800bd54       0x54 Middlewares/Third_Party/Freertos_Plus/FreeRTOS_TCP_IP.o
 .text.prvTCPHandleFin
                0x000000000800bda8      0x158 Middlewares/Third_Party/Freertos_Plus/FreeRTOS_TCP_IP.o
 .text.prvCheckRxData
                0x000000000800bf00       0xf8 Middlewares/Third_Party/Freertos_Plus/FreeRTOS_TCP_IP.o
 .text.prvStoreRxData
                0x000000000800bff8       0xee Middlewares/Third_Party/Freertos_Plus/FreeRTOS_TCP_IP.o
 .text.prvSetOptions
                0x000000000800c0e6       0xc6 Middlewares/Third_Party/Freertos_Plus/FreeRTOS_TCP_IP.o
 .text.prvHandleSynReceived
                0x000000000800c1ac      0x1de Middlewares/Third_Party/Freertos_Plus/FreeRTOS_TCP_IP.o
 .text.prvHandleEstablished
                0x000000000800c38a      0x23a Middlewares/Third_Party/Freertos_Plus/FreeRTOS_TCP_IP.o
 .text.prvSendData
                0x000000000800c5c4      0x130 Middlewares/Third_Party/Freertos_Plus/FreeRTOS_TCP_IP.o
 .text.prvTCPHandleState
                0x000000000800c6f4      0x230 Middlewares/Third_Party/Freertos_Plus/FreeRTOS_TCP_IP.o
 .text.prvTCPSendSpecialPacketHelper
                0x000000000800c924       0x42 Middlewares/Third_Party/Freertos_Plus/FreeRTOS_TCP_IP.o
 .text.prvTCPSendChallengeAck
                0x000000000800c966       0x1a Middlewares/Third_Party/Freertos_Plus/FreeRTOS_TCP_IP.o
 .text.prvTCPSendReset
                0x000000000800c980       0x1a Middlewares/Third_Party/Freertos_Plus/FreeRTOS_TCP_IP.o
 *fill*         0x000000000800c99a        0x2 
 .text.prvSocketSetMSS
                0x000000000800c99c       0x74 Middlewares/Third_Party/Freertos_Plus/FreeRTOS_TCP_IP.o
 .text.xProcessReceivedTCPPacket
                0x000000000800ca10      0x35a Middlewares/Third_Party/Freertos_Plus/FreeRTOS_TCP_IP.o
                0x000000000800ca10                xProcessReceivedTCPPacket
 *fill*         0x000000000800cd6a        0x2 
 .text.prvHandleListen
                0x000000000800cd6c      0x188 Middlewares/Third_Party/Freertos_Plus/FreeRTOS_TCP_IP.o
 .text.prvTCPSocketCopy
                0x000000000800cef4       0xf0 Middlewares/Third_Party/Freertos_Plus/FreeRTOS_TCP_IP.o
 .text.xTCPCheckNewClient
                0x000000000800cfe4       0x90 Middlewares/Third_Party/Freertos_Plus/FreeRTOS_TCP_IP.o
                0x000000000800cfe4                xTCPCheckNewClient
 .text.FreeRTOS_min_int32
                0x000000000800d074       0x20 Middlewares/Third_Party/Freertos_Plus/FreeRTOS_TCP_WIN.o
 .text.FreeRTOS_min_uint32
                0x000000000800d094       0x20 Middlewares/Third_Party/Freertos_Plus/FreeRTOS_TCP_WIN.o
 .text.vCastPointerTo_TCPSegment_t
                0x000000000800d0b4       0x16 Middlewares/Third_Party/Freertos_Plus/FreeRTOS_TCP_WIN.o
 .text.xSequenceLessThanOrEqual
                0x000000000800d0ca       0x2c Middlewares/Third_Party/Freertos_Plus/FreeRTOS_TCP_WIN.o
 .text.xSequenceLessThan
                0x000000000800d0f6       0x2e Middlewares/Third_Party/Freertos_Plus/FreeRTOS_TCP_WIN.o
 .text.xSequenceGreaterThan
                0x000000000800d124       0x2e Middlewares/Third_Party/Freertos_Plus/FreeRTOS_TCP_WIN.o
 .text.xSequenceGreaterThanOrEqual
                0x000000000800d152       0x2c Middlewares/Third_Party/Freertos_Plus/FreeRTOS_TCP_WIN.o
 .text.vListInsertFifo
                0x000000000800d17e       0x20 Middlewares/Third_Party/Freertos_Plus/FreeRTOS_TCP_WIN.o
 .text.vTCPTimerSet
                0x000000000800d19e       0x1a Middlewares/Third_Party/Freertos_Plus/FreeRTOS_TCP_WIN.o
 .text.ulTimerGetAge
                0x000000000800d1b8       0x1c Middlewares/Third_Party/Freertos_Plus/FreeRTOS_TCP_WIN.o
 .text.vListInsertGeneric
                0x000000000800d1d4       0x44 Middlewares/Third_Party/Freertos_Plus/FreeRTOS_TCP_WIN.o
 .text.prvCreateSectors
                0x000000000800d218       0xa8 Middlewares/Third_Party/Freertos_Plus/FreeRTOS_TCP_WIN.o
 .text.xTCPWindowRxFind
                0x000000000800d2c0       0x50 Middlewares/Third_Party/Freertos_Plus/FreeRTOS_TCP_WIN.o
 .text.xTCPWindowNew
                0x000000000800d310       0xd8 Middlewares/Third_Party/Freertos_Plus/FreeRTOS_TCP_WIN.o
 .text.xTCPWindowRxEmpty
                0x000000000800d3e8       0x42 Middlewares/Third_Party/Freertos_Plus/FreeRTOS_TCP_WIN.o
                0x000000000800d3e8                xTCPWindowRxEmpty
 .text.xTCPWindowGetHead
                0x000000000800d42a       0x38 Middlewares/Third_Party/Freertos_Plus/FreeRTOS_TCP_WIN.o
 .text.xTCPWindowPeekHead
                0x000000000800d462       0x32 Middlewares/Third_Party/Freertos_Plus/FreeRTOS_TCP_WIN.o
 .text.vTCPWindowFree
                0x000000000800d494       0x58 Middlewares/Third_Party/Freertos_Plus/FreeRTOS_TCP_WIN.o
 .text.vTCPWindowDestroy
                0x000000000800d4ec       0x5e Middlewares/Third_Party/Freertos_Plus/FreeRTOS_TCP_WIN.o
                0x000000000800d4ec                vTCPWindowDestroy
 *fill*         0x000000000800d54a        0x2 
 .text.vTCPWindowCreate
                0x000000000800d54c       0x70 Middlewares/Third_Party/Freertos_Plus/FreeRTOS_TCP_WIN.o
                0x000000000800d54c                vTCPWindowCreate
 .text.vTCPWindowInit
                0x000000000800d5bc       0xb6 Middlewares/Third_Party/Freertos_Plus/FreeRTOS_TCP_WIN.o
                0x000000000800d5bc                vTCPWindowInit
 .text.xTCPWindowRxConfirm
                0x000000000800d672       0x9c Middlewares/Third_Party/Freertos_Plus/FreeRTOS_TCP_WIN.o
 *fill*         0x000000000800d70e        0x2 
 .text.lTCPWindowRxCheck
                0x000000000800d710      0x1c8 Middlewares/Third_Party/Freertos_Plus/FreeRTOS_TCP_WIN.o
                0x000000000800d710                lTCPWindowRxCheck
 .text.lTCPIncrementTxPosition
                0x000000000800d8d8       0x32 Middlewares/Third_Party/Freertos_Plus/FreeRTOS_TCP_WIN.o
 *fill*         0x000000000800d90a        0x2 
 .text.lTCPWindowTxAdd
                0x000000000800d90c      0x16c Middlewares/Third_Party/Freertos_Plus/FreeRTOS_TCP_WIN.o
                0x000000000800d90c                lTCPWindowTxAdd
 .text.xTCPWindowTxDone
                0x000000000800da78       0x24 Middlewares/Third_Party/Freertos_Plus/FreeRTOS_TCP_WIN.o
                0x000000000800da78                xTCPWindowTxDone
 .text.prvTCPWindowTxHasSpace
                0x000000000800da9c       0x8c Middlewares/Third_Party/Freertos_Plus/FreeRTOS_TCP_WIN.o
 .text.xTCPWindowTxHasData
                0x000000000800db28       0xc0 Middlewares/Third_Party/Freertos_Plus/FreeRTOS_TCP_WIN.o
                0x000000000800db28                xTCPWindowTxHasData
 .text.ulTCPWindowTxGet
                0x000000000800dbe8      0x1c0 Middlewares/Third_Party/Freertos_Plus/FreeRTOS_TCP_WIN.o
                0x000000000800dbe8                ulTCPWindowTxGet
 .text.prvTCPWindowTxCheckAck
                0x000000000800dda8      0x184 Middlewares/Third_Party/Freertos_Plus/FreeRTOS_TCP_WIN.o
 .text.prvTCPWindowFastRetransmit
                0x000000000800df2c       0xa8 Middlewares/Third_Party/Freertos_Plus/FreeRTOS_TCP_WIN.o
 .text.ulTCPWindowTxAck
                0x000000000800dfd4       0x3a Middlewares/Third_Party/Freertos_Plus/FreeRTOS_TCP_WIN.o
                0x000000000800dfd4                ulTCPWindowTxAck
 *fill*         0x000000000800e00e        0x2 
 .text.ulTCPWindowTxSack
                0x000000000800e010       0x44 Middlewares/Third_Party/Freertos_Plus/FreeRTOS_TCP_WIN.o
                0x000000000800e010                ulTCPWindowTxSack
 .text.vCastPointerTo_UDPPacket_t
                0x000000000800e054       0x16 Middlewares/Third_Party/Freertos_Plus/FreeRTOS_UDP_IP.o
 .text.vCastConstPointerTo_UDPPacket_t
                0x000000000800e06a       0x16 Middlewares/Third_Party/Freertos_Plus/FreeRTOS_UDP_IP.o
 .text.vProcessGeneratedUDPPacket
                0x000000000800e080      0x1a4 Middlewares/Third_Party/Freertos_Plus/FreeRTOS_UDP_IP.o
                0x000000000800e080                vProcessGeneratedUDPPacket
 .text.xProcessReceivedUDPPacket
                0x000000000800e224       0xf2 Middlewares/Third_Party/Freertos_Plus/FreeRTOS_UDP_IP.o
                0x000000000800e224                xProcessReceivedUDPPacket
 *fill*         0x000000000800e316        0x2 
 .text.xNetworkBuffersInitialise
                0x000000000800e318       0xfc Middlewares/Third_Party/Freertos_Plus/portable/BufferManagement/BufferAllocation_2.o
                0x000000000800e318                xNetworkBuffersInitialise
 .text.vReleaseNetworkBuffer
                0x000000000800e414       0x22 Middlewares/Third_Party/Freertos_Plus/portable/BufferManagement/BufferAllocation_2.o
                0x000000000800e414                vReleaseNetworkBuffer
 *fill*         0x000000000800e436        0x2 
 .text.pxGetNetworkBufferWithDescriptor
                0x000000000800e438       0xfc Middlewares/Third_Party/Freertos_Plus/portable/BufferManagement/BufferAllocation_2.o
                0x000000000800e438                pxGetNetworkBufferWithDescriptor
 .text.vReleaseNetworkBufferAndDescriptor
                0x000000000800e534       0x68 Middlewares/Third_Party/Freertos_Plus/portable/BufferManagement/BufferAllocation_2.o
                0x000000000800e534                vReleaseNetworkBufferAndDescriptor
 .text.uxGetNumberOfFreeNetworkBuffers
                0x000000000800e59c       0x18 Middlewares/Third_Party/Freertos_Plus/portable/BufferManagement/BufferAllocation_2.o
                0x000000000800e59c                uxGetNumberOfFreeNetworkBuffers
 .text.uxGetMinimumFreeNetworkBuffers
                0x000000000800e5b4       0x18 Middlewares/Third_Party/Freertos_Plus/portable/BufferManagement/BufferAllocation_2.o
                0x000000000800e5b4                uxGetMinimumFreeNetworkBuffers
 .text.HAL_ETH_RxCpltCallback
                0x000000000800e5cc       0x5c Middlewares/Third_Party/Freertos_Plus/portable/NetworkInterface/STM32Fxx/NetworkInterface.o
                0x000000000800e5cc                HAL_ETH_RxCpltCallback
 .text.HAL_ETH_TxCpltCallback
                0x000000000800e628       0x5c Middlewares/Third_Party/Freertos_Plus/portable/NetworkInterface/STM32Fxx/NetworkInterface.o
                0x000000000800e628                HAL_ETH_TxCpltCallback
 .text.vClearTXBuffers
                0x000000000800e684       0x78 Middlewares/Third_Party/Freertos_Plus/portable/NetworkInterface/STM32Fxx/NetworkInterface.o
 .text.xNetworkInterfaceInitialise
                0x000000000800e6fc      0x14c Middlewares/Third_Party/Freertos_Plus/portable/NetworkInterface/STM32Fxx/NetworkInterface.o
                0x000000000800e6fc                xNetworkInterfaceInitialise
 .text.prvDMATxDescListInit
                0x000000000800e848       0xa0 Middlewares/Third_Party/Freertos_Plus/portable/NetworkInterface/STM32Fxx/NetworkInterface.o
 .text.prvDMARxDescListInit
                0x000000000800e8e8       0x84 Middlewares/Third_Party/Freertos_Plus/portable/NetworkInterface/STM32Fxx/NetworkInterface.o
 .text.xNetworkInterfaceOutput
                0x000000000800e96c      0x100 Middlewares/Third_Party/Freertos_Plus/portable/NetworkInterface/STM32Fxx/NetworkInterface.o
                0x000000000800e96c                xNetworkInterfaceOutput
 .text.xMayAcceptPacket
                0x000000000800ea6c       0x34 Middlewares/Third_Party/Freertos_Plus/portable/NetworkInterface/STM32Fxx/NetworkInterface.o
 .text.prvPassEthMessages
                0x000000000800eaa0       0x32 Middlewares/Third_Party/Freertos_Plus/portable/NetworkInterface/STM32Fxx/NetworkInterface.o
 *fill*         0x000000000800ead2        0x2 
 .text.prvNetworkInterfaceInput
                0x000000000800ead4      0x128 Middlewares/Third_Party/Freertos_Plus/portable/NetworkInterface/STM32Fxx/NetworkInterface.o
 .text.xSTM32_PhyRead
                0x000000000800ebfc       0x54 Middlewares/Third_Party/Freertos_Plus/portable/NetworkInterface/STM32Fxx/NetworkInterface.o
                0x000000000800ebfc                xSTM32_PhyRead
 .text.xSTM32_PhyWrite
                0x000000000800ec50       0x54 Middlewares/Third_Party/Freertos_Plus/portable/NetworkInterface/STM32Fxx/NetworkInterface.o
                0x000000000800ec50                xSTM32_PhyWrite
 .text.vMACBProbePhy
                0x000000000800eca4       0x30 Middlewares/Third_Party/Freertos_Plus/portable/NetworkInterface/STM32Fxx/NetworkInterface.o
                0x000000000800eca4                vMACBProbePhy
 .text.prvEthernetUpdateConfig
                0x000000000800ecd4       0xe0 Middlewares/Third_Party/Freertos_Plus/portable/NetworkInterface/STM32Fxx/NetworkInterface.o
 .text.prvEMACHandlerTask
                0x000000000800edb4       0xd8 Middlewares/Third_Party/Freertos_Plus/portable/NetworkInterface/STM32Fxx/NetworkInterface.o
 .text.ETH_IRQHandler
                0x000000000800ee8c       0x14 Middlewares/Third_Party/Freertos_Plus/portable/NetworkInterface/STM32Fxx/NetworkInterface.o
                0x000000000800ee8c                ETH_IRQHandler
 .text.xHas_1F_PHYSPCS
                0x000000000800eea0       0x30 Middlewares/Third_Party/Freertos_Plus/portable/NetworkInterface/STM32Fxx/phyHandling.o
 .text.xHas_19_PHYCR
                0x000000000800eed0       0x38 Middlewares/Third_Party/Freertos_Plus/portable/NetworkInterface/STM32Fxx/phyHandling.o
 .text.vPhyInitialise
                0x000000000800ef08       0x2a Middlewares/Third_Party/Freertos_Plus/portable/NetworkInterface/STM32Fxx/phyHandling.o
                0x000000000800ef08                vPhyInitialise
 .text.xPhyDiscover
                0x000000000800ef32       0x98 Middlewares/Third_Party/Freertos_Plus/portable/NetworkInterface/STM32Fxx/phyHandling.o
                0x000000000800ef32                xPhyDiscover
 .text.xPhyReset
                0x000000000800efca      0x132 Middlewares/Third_Party/Freertos_Plus/portable/NetworkInterface/STM32Fxx/phyHandling.o
 .text.xPhyConfigure
                0x000000000800f0fc      0x1f0 Middlewares/Third_Party/Freertos_Plus/portable/NetworkInterface/STM32Fxx/phyHandling.o
                0x000000000800f0fc                xPhyConfigure
 .text.xPhyFixedValue
                0x000000000800f2ec       0x7e Middlewares/Third_Party/Freertos_Plus/portable/NetworkInterface/STM32Fxx/phyHandling.o
                0x000000000800f2ec                xPhyFixedValue
 *fill*         0x000000000800f36a        0x2 
 .text.xPhyStartAutoNegotiation
                0x000000000800f36c      0x2c8 Middlewares/Third_Party/Freertos_Plus/portable/NetworkInterface/STM32Fxx/phyHandling.o
                0x000000000800f36c                xPhyStartAutoNegotiation
 .text.xPhyCheckLinkStatus
                0x000000000800f634      0x140 Middlewares/Third_Party/Freertos_Plus/portable/NetworkInterface/STM32Fxx/phyHandling.o
                0x000000000800f634                xPhyCheckLinkStatus
 .text.HAL_ETH_Init
                0x000000000800f774      0x154 Middlewares/Third_Party/Freertos_Plus/portable/NetworkInterface/STM32Fxx/stm32fxx_hal_eth.o
                0x000000000800f774                HAL_ETH_Init
 .text.HAL_ETH_IRQHandler
                0x000000000800f8c8       0x64 Middlewares/Third_Party/Freertos_Plus/portable/NetworkInterface/STM32Fxx/stm32fxx_hal_eth.o
                0x000000000800f8c8                HAL_ETH_IRQHandler
 .text.HAL_ETH_ErrorCallback
                0x000000000800f92c       0x14 Middlewares/Third_Party/Freertos_Plus/portable/NetworkInterface/STM32Fxx/stm32fxx_hal_eth.o
                0x000000000800f92c                HAL_ETH_ErrorCallback
 .text.HAL_ETH_ReadPHYRegister
                0x000000000800f940       0xe0 Middlewares/Third_Party/Freertos_Plus/portable/NetworkInterface/STM32Fxx/stm32fxx_hal_eth.o
                0x000000000800f940                HAL_ETH_ReadPHYRegister
 .text.HAL_ETH_WritePHYRegister
                0x000000000800fa20       0xe0 Middlewares/Third_Party/Freertos_Plus/portable/NetworkInterface/STM32Fxx/stm32fxx_hal_eth.o
                0x000000000800fa20                HAL_ETH_WritePHYRegister
 .text.HAL_ETH_Start
                0x000000000800fb00       0x5e Middlewares/Third_Party/Freertos_Plus/portable/NetworkInterface/STM32Fxx/stm32fxx_hal_eth.o
                0x000000000800fb00                HAL_ETH_Start
 .text.HAL_ETH_Stop
                0x000000000800fb5e       0x5e Middlewares/Third_Party/Freertos_Plus/portable/NetworkInterface/STM32Fxx/stm32fxx_hal_eth.o
                0x000000000800fb5e                HAL_ETH_Stop
 .text.vRegisterDelay
                0x000000000800fbbc       0x50 Middlewares/Third_Party/Freertos_Plus/portable/NetworkInterface/STM32Fxx/stm32fxx_hal_eth.o
 .text.prvWriteMACFCR
                0x000000000800fc0c       0x2c Middlewares/Third_Party/Freertos_Plus/portable/NetworkInterface/STM32Fxx/stm32fxx_hal_eth.o
 .text.prvWriteDMAOMR
                0x000000000800fc38       0x3e Middlewares/Third_Party/Freertos_Plus/portable/NetworkInterface/STM32Fxx/stm32fxx_hal_eth.o
 .text.prvWriteMACCR
                0x000000000800fc76       0x2c Middlewares/Third_Party/Freertos_Plus/portable/NetworkInterface/STM32Fxx/stm32fxx_hal_eth.o
 *fill*         0x000000000800fca2        0x2 
 .text.HAL_ETH_ConfigMAC
                0x000000000800fca4      0x1ac Middlewares/Third_Party/Freertos_Plus/portable/NetworkInterface/STM32Fxx/stm32fxx_hal_eth.o
                0x000000000800fca4                HAL_ETH_ConfigMAC
 .text.ETH_MACDMAConfig
                0x000000000800fe50      0x32c Middlewares/Third_Party/Freertos_Plus/portable/NetworkInterface/STM32Fxx/stm32fxx_hal_eth.o
 .text.ETH_MACAddressConfig
                0x000000000801017c       0x74 Middlewares/Third_Party/Freertos_Plus/portable/NetworkInterface/STM32Fxx/stm32fxx_hal_eth.o
 .text.ETH_MACTransmissionEnable
                0x00000000080101f0       0x24 Middlewares/Third_Party/Freertos_Plus/portable/NetworkInterface/STM32Fxx/stm32fxx_hal_eth.o
 .text.ETH_MACTransmissionDisable
                0x0000000008010214       0x24 Middlewares/Third_Party/Freertos_Plus/portable/NetworkInterface/STM32Fxx/stm32fxx_hal_eth.o
 .text.ETH_MACReceptionEnable
                0x0000000008010238       0x26 Middlewares/Third_Party/Freertos_Plus/portable/NetworkInterface/STM32Fxx/stm32fxx_hal_eth.o
 .text.ETH_MACReceptionDisable
                0x000000000801025e       0x26 Middlewares/Third_Party/Freertos_Plus/portable/NetworkInterface/STM32Fxx/stm32fxx_hal_eth.o
 .text.ETH_DMATransmissionEnable
                0x0000000008010284       0x2c Middlewares/Third_Party/Freertos_Plus/portable/NetworkInterface/STM32Fxx/stm32fxx_hal_eth.o
 .text.ETH_DMATransmissionDisable
                0x00000000080102b0       0x2c Middlewares/Third_Party/Freertos_Plus/portable/NetworkInterface/STM32Fxx/stm32fxx_hal_eth.o
 .text.ETH_DMAReceptionEnable
                0x00000000080102dc       0x2c Middlewares/Third_Party/Freertos_Plus/portable/NetworkInterface/STM32Fxx/stm32fxx_hal_eth.o
 .text.ETH_DMAReceptionDisable
                0x0000000008010308       0x2c Middlewares/Third_Party/Freertos_Plus/portable/NetworkInterface/STM32Fxx/stm32fxx_hal_eth.o
 .text.ETH_FlushTransmitFIFO
                0x0000000008010334       0x2c Middlewares/Third_Party/Freertos_Plus/portable/NetworkInterface/STM32Fxx/stm32fxx_hal_eth.o
 .text.__errno  0x0000000008010360        0xc c:/st/stm32cubeide_1.5.0/stm32cubeide/plugins/com.st.stm32cube.ide.mcu.externaltools.gnu-tools-for-stm32.7-2018-q2-update.win32_1.5.0.202011040924/tools/bin/../lib/gcc/arm-none-eabi/7.3.1/../../../../arm-none-eabi/lib/thumb/v7e-m/fpv5/hard\libc_nano.a(lib_a-errno.o)
                0x0000000008010360                __errno
 .text.__libc_init_array
                0x000000000801036c       0x48 c:/st/stm32cubeide_1.5.0/stm32cubeide/plugins/com.st.stm32cube.ide.mcu.externaltools.gnu-tools-for-stm32.7-2018-q2-update.win32_1.5.0.202011040924/tools/bin/../lib/gcc/arm-none-eabi/7.3.1/../../../../arm-none-eabi/lib/thumb/v7e-m/fpv5/hard\libc_nano.a(lib_a-init.o)
                0x000000000801036c                __libc_init_array
 .text.memcmp   0x00000000080103b4       0x1e c:/st/stm32cubeide_1.5.0/stm32cubeide/plugins/com.st.stm32cube.ide.mcu.externaltools.gnu-tools-for-stm32.7-2018-q2-update.win32_1.5.0.202011040924/tools/bin/../lib/gcc/arm-none-eabi/7.3.1/../../../../arm-none-eabi/lib/thumb/v7e-m/fpv5/hard\libc_nano.a(lib_a-memcmp.o)
                0x00000000080103b4                memcmp
 .text.memcpy   0x00000000080103d2       0x16 c:/st/stm32cubeide_1.5.0/stm32cubeide/plugins/com.st.stm32cube.ide.mcu.externaltools.gnu-tools-for-stm32.7-2018-q2-update.win32_1.5.0.202011040924/tools/bin/../lib/gcc/arm-none-eabi/7.3.1/../../../../arm-none-eabi/lib/thumb/v7e-m/fpv5/hard\libc_nano.a(lib_a-memcpy-stub.o)
                0x00000000080103d2                memcpy
 .text.memmove  0x00000000080103e8       0x32 c:/st/stm32cubeide_1.5.0/stm32cubeide/plugins/com.st.stm32cube.ide.mcu.externaltools.gnu-tools-for-stm32.7-2018-q2-update.win32_1.5.0.202011040924/tools/bin/../lib/gcc/arm-none-eabi/7.3.1/../../../../arm-none-eabi/lib/thumb/v7e-m/fpv5/hard\libc_nano.a(lib_a-memmove.o)
                0x00000000080103e8                memmove
 .text.memset   0x000000000801041a       0x10 c:/st/stm32cubeide_1.5.0/stm32cubeide/plugins/com.st.stm32cube.ide.mcu.externaltools.gnu-tools-for-stm32.7-2018-q2-update.win32_1.5.0.202011040924/tools/bin/../lib/gcc/arm-none-eabi/7.3.1/../../../../arm-none-eabi/lib/thumb/v7e-m/fpv5/hard\libc_nano.a(lib_a-memset.o)
                0x000000000801041a                memset
 *fill*         0x000000000801042a        0x2 
 .text.snprintf
                0x000000000801042c       0x68 c:/st/stm32cubeide_1.5.0/stm32cubeide/plugins/com.st.stm32cube.ide.mcu.externaltools.gnu-tools-for-stm32.7-2018-q2-update.win32_1.5.0.202011040924/tools/bin/../lib/gcc/arm-none-eabi/7.3.1/../../../../arm-none-eabi/lib/thumb/v7e-m/fpv5/hard\libc_nano.a(lib_a-snprintf.o)
                0x000000000801042c                sniprintf
                0x000000000801042c                snprintf
 .text.__ssputs_r
                0x0000000008010494       0xb4 c:/st/stm32cubeide_1.5.0/stm32cubeide/plugins/com.st.stm32cube.ide.mcu.externaltools.gnu-tools-for-stm32.7-2018-q2-update.win32_1.5.0.202011040924/tools/bin/../lib/gcc/arm-none-eabi/7.3.1/../../../../arm-none-eabi/lib/thumb/v7e-m/fpv5/hard\libc_nano.a(lib_a-nano-svfprintf.o)
                0x0000000008010494                __ssputs_r
 .text._svfprintf_r
                0x0000000008010548      0x1f0 c:/st/stm32cubeide_1.5.0/stm32cubeide/plugins/com.st.stm32cube.ide.mcu.externaltools.gnu-tools-for-stm32.7-2018-q2-update.win32_1.5.0.202011040924/tools/bin/../lib/gcc/arm-none-eabi/7.3.1/../../../../arm-none-eabi/lib/thumb/v7e-m/fpv5/hard\libc_nano.a(lib_a-nano-svfprintf.o)
                0x0000000008010548                _svfiprintf_r
                0x0000000008010548                _svfprintf_r
 .text._printf_common
                0x0000000008010738       0xea c:/st/stm32cubeide_1.5.0/stm32cubeide/plugins/com.st.stm32cube.ide.mcu.externaltools.gnu-tools-for-stm32.7-2018-q2-update.win32_1.5.0.202011040924/tools/bin/../lib/gcc/arm-none-eabi/7.3.1/../../../../arm-none-eabi/lib/thumb/v7e-m/fpv5/hard\libc_nano.a(lib_a-nano-vfprintf_i.o)
                0x0000000008010738                _printf_common
 *fill*         0x0000000008010822        0x2 
 .text._printf_i
                0x0000000008010824      0x224 c:/st/stm32cubeide_1.5.0/stm32cubeide/plugins/com.st.stm32cube.ide.mcu.externaltools.gnu-tools-for-stm32.7-2018-q2-update.win32_1.5.0.202011040924/tools/bin/../lib/gcc/arm-none-eabi/7.3.1/../../../../arm-none-eabi/lib/thumb/v7e-m/fpv5/hard\libc_nano.a(lib_a-nano-vfprintf_i.o)
                0x0000000008010824                _printf_i
 .text._free_r  0x0000000008010a48       0x9c c:/st/stm32cubeide_1.5.0/stm32cubeide/plugins/com.st.stm32cube.ide.mcu.externaltools.gnu-tools-for-stm32.7-2018-q2-update.win32_1.5.0.202011040924/tools/bin/../lib/gcc/arm-none-eabi/7.3.1/../../../../arm-none-eabi/lib/thumb/v7e-m/fpv5/hard\libc_nano.a(lib_a-nano-freer.o)
                0x0000000008010a48                _free_r
 .text._malloc_r
                0x0000000008010ae4       0xb4 c:/st/stm32cubeide_1.5.0/stm32cubeide/plugins/com.st.stm32cube.ide.mcu.externaltools.gnu-tools-for-stm32.7-2018-q2-update.win32_1.5.0.202011040924/tools/bin/../lib/gcc/arm-none-eabi/7.3.1/../../../../arm-none-eabi/lib/thumb/v7e-m/fpv5/hard\libc_nano.a(lib_a-nano-mallocr.o)
                0x0000000008010ae4                _malloc_r
 .text._realloc_r
                0x0000000008010b98       0x4c c:/st/stm32cubeide_1.5.0/stm32cubeide/plugins/com.st.stm32cube.ide.mcu.externaltools.gnu-tools-for-stm32.7-2018-q2-update.win32_1.5.0.202011040924/tools/bin/../lib/gcc/arm-none-eabi/7.3.1/../../../../arm-none-eabi/lib/thumb/v7e-m/fpv5/hard\libc_nano.a(lib_a-nano-reallocr.o)
                0x0000000008010b98                _realloc_r
 .text._sbrk_r  0x0000000008010be4       0x20 c:/st/stm32cubeide_1.5.0/stm32cubeide/plugins/com.st.stm32cube.ide.mcu.externaltools.gnu-tools-for-stm32.7-2018-q2-update.win32_1.5.0.202011040924/tools/bin/../lib/gcc/arm-none-eabi/7.3.1/../../../../arm-none-eabi/lib/thumb/v7e-m/fpv5/hard\libc_nano.a(lib_a-sbrkr.o)
                0x0000000008010be4                _sbrk_r
 .text.__malloc_lock
                0x0000000008010c04        0x2 c:/st/stm32cubeide_1.5.0/stm32cubeide/plugins/com.st.stm32cube.ide.mcu.externaltools.gnu-tools-for-stm32.7-2018-q2-update.win32_1.5.0.202011040924/tools/bin/../lib/gcc/arm-none-eabi/7.3.1/../../../../arm-none-eabi/lib/thumb/v7e-m/fpv5/hard\libc_nano.a(lib_a-mlock.o)
                0x0000000008010c04                __malloc_lock
 .text.__malloc_unlock
                0x0000000008010c06        0x2 c:/st/stm32cubeide_1.5.0/stm32cubeide/plugins/com.st.stm32cube.ide.mcu.externaltools.gnu-tools-for-stm32.7-2018-q2-update.win32_1.5.0.202011040924/tools/bin/../lib/gcc/arm-none-eabi/7.3.1/../../../../arm-none-eabi/lib/thumb/v7e-m/fpv5/hard\libc_nano.a(lib_a-mlock.o)
                0x0000000008010c06                __malloc_unlock
 .text._malloc_usable_size_r
                0x0000000008010c08       0x10 c:/st/stm32cubeide_1.5.0/stm32cubeide/plugins/com.st.stm32cube.ide.mcu.externaltools.gnu-tools-for-stm32.7-2018-q2-update.win32_1.5.0.202011040924/tools/bin/../lib/gcc/arm-none-eabi/7.3.1/../../../../arm-none-eabi/lib/thumb/v7e-m/fpv5/hard\libc_nano.a(lib_a-nano-msizer.o)
                0x0000000008010c08                _malloc_usable_size_r
 *(.glue_7)
 .glue_7        0x0000000008010c18        0x0 linker stubs
 *(.glue_7t)
 .glue_7t       0x0000000008010c18        0x0 linker stubs
 *(.eh_frame)