FreeRTOS_IP.h:218:35:FreeRTOS_max_int32	16	static
FreeRTOS_IP.h:223:36:FreeRTOS_max_uint32	16	static
FreeRTOS_IP.h:228:35:FreeRTOS_min_int32	16	static
FreeRTOS_IP.h:233:36:FreeRTOS_min_uint32	16	static
FreeRTOS_IP.h:238:36:FreeRTOS_round_up	16	static
FreeRTOS_IP.h:243:36:FreeRTOS_round_down	16	static
FreeRTOS_IP.h:249:38:FreeRTOS_min_BaseType	16	static
FreeRTOS_Sockets.h:222:34:xSocketValid	24	static
FreeRTOS_Stream_Buffer.h:57:28:vStreamBufferClear	16	static
FreeRTOS_Stream_Buffer.h:71:30:uxStreamBufferSpace	32	static
FreeRTOS_Stream_Buffer.h:92:30:uxStreamBufferDistance	32	static
FreeRTOS_Stream_Buffer.h:111:30:uxStreamBufferGetSpace	24	static
FreeRTOS_Stream_Buffer.h:123:30:uxStreamBufferFrontSpace	24	static
FreeRTOS_Stream_Buffer.h:137:30:uxStreamBufferGetSize	24	static
FreeRTOS_Stream_Buffer.h:149:30:uxStreamBufferMidSpace	24	static
FreeRTOS_Stream_Buffer.h:161:28:vStreamBufferMoveMid	24	static
FreeRTOS_Stream_Buffer.h:185:34:xStreamBufferLessThenEqual	32	static
FreeRTOS_Stream_Buffer.h:222:30:uxStreamBufferGetPtr	24	static
FreeRTOS_IP_Private.h:91:23:vCastPointerTo_EthernetHeader_t	16	static
FreeRTOS_IP_Private.h:96:23:vCastConstPointerTo_EthernetHeader_t	16	static
FreeRTOS_IP_Private.h:135:23:vCastPointerTo_IPHeader_t	16	static
FreeRTOS_IP_Private.h:139:23:vCastConstPointerTo_IPHeader_t	16	static
FreeRTOS_IP_Private.h:157:23:vCastPointerTo_ICMPHeader_t	16	static
FreeRTOS_IP_Private.h:161:23:vCastConstPointerTo_ICMPHeader_t	16	static
FreeRTOS_IP_Private.h:211:23:vCastPointerTo_ARPPacket_t	16	static
FreeRTOS_IP_Private.h:215:23:vCastConstPointerTo_ARPPacket_t	16	static
FreeRTOS_IP_Private.h:230:23:vCastPointerTo_IPPacket_t	16	static
FreeRTOS_IP_Private.h:234:23:vCastConstPointerTo_IPPacket_t	16	static
FreeRTOS_IP_Private.h:250:23:vCastPointerTo_ICMPPacket_t	16	static
FreeRTOS_IP_Private.h:266:23:vCastPointerTo_UDPPacket_t	16	static
FreeRTOS_IP_Private.h:270:23:vCastConstPointerTo_UDPPacket_t	16	static
FreeRTOS_IP_Private.h:285:23:vCastPointerTo_TCPPacket_t	16	static
FreeRTOS_IP_Private.h:290:23:vCastConstPointerTo_TCPPacket_t	16	static
FreeRTOS_IP_Private.h:308:23:vCastPointerTo_ProtocolPacket_t	16	static
FreeRTOS_IP_Private.h:312:23:vCastConstPointerTo_ProtocolPacket_t	16	static
FreeRTOS_IP_Private.h:328:23:vCastPointerTo_ProtocolHeaders_t	16	static
FreeRTOS_IP_Private.h:333:23:vCastConstPointerTo_ProtocolHeaders_t	16	static
FreeRTOS_IP_Private.h:800:23:vCastPointerTo_FreeRTOS_Socket_t	16	static
FreeRTOS_IP_Private.h:804:23:vCastConstPointerTo_FreeRTOS_Socket_t	16	static
FreeRTOS_IP_Private.h:886:32:ulChar2u32	16	static
FreeRTOS_IP_Private.h:895:32:usChar2u16	16	static
FreeRTOS_IP_Private.h:965:27:vCastPointerTo_SocketSelect_t	16	static
FreeRTOS_IP_Private.h:969:27:vCastConstPointerTo_SocketSelect_t	16	static
FreeRTOS_IP_Private.h:983:27:vCastPointerTo_SocketSelectMessage_t	16	static
FreeRTOS_IP_Private.h:987:27:vCastConstPointerTo_SocketSelectMessage_t	16	static
NetworkInterface.c:311:6:HAL_ETH_RxCpltCallback	24	static,ignoring_inline_asm
NetworkInterface.c:329:6:HAL_ETH_TxCpltCallback	24	static,ignoring_inline_asm
NetworkInterface.c:349:13:vClearTXBuffers	16	static
NetworkInterface.c:397:12:xNetworkInterfaceInitialise	24	static
NetworkInterface.c:522:13:prvDMATxDescListInit	16	static
NetworkInterface.c:571:13:prvDMARxDescListInit	16	static
NetworkInterface.c:633:13:prvMACAddressConfig	32	static
NetworkInterface.c:655:12:xNetworkInterfaceOutput	40	static,ignoring_inline_asm
NetworkInterface.c:781:19:xMayAcceptPacket	24	static
NetworkInterface.c:867:13:prvPassEthMessages	24	static
NetworkInterface.c:902:19:prvNetworkInterfaceInput	40	static,ignoring_inline_asm
NetworkInterface.c:1059:12:xSTM32_PhyRead	32	static
NetworkInterface.c:1084:12:xSTM32_PhyWrite	32	static
NetworkInterface.c:1109:6:vMACBProbePhy	8	static
NetworkInterface.c:1117:13:prvEthernetUpdateConfig	16	static
NetworkInterface.c:1196:12:xGetPhyLinkStatus	16	static
NetworkInterface.c:1215:6:vNetworkInterfaceAllocateRAMToBuffers	24	static
NetworkInterface.c:1234:13:prvEMACHandlerTask	32	static
NetworkInterface.c:1325:6:ETH_IRQHandler	8	static
