FreeRTOS_IP.h:218:35:FreeRTOS_max_int32	16	static
FreeRTOS_IP.h:223:36:FreeRTOS_max_uint32	16	static
FreeRTOS_IP.h:228:35:FreeRTOS_min_int32	16	static
FreeRTOS_IP.h:233:36:FreeRTOS_min_uint32	16	static
FreeRTOS_IP.h:238:36:FreeRTOS_round_up	16	static
FreeRTOS_IP.h:243:36:FreeRTOS_round_down	16	static
FreeRTOS_IP.h:249:38:FreeRTOS_min_BaseType	16	static
main.c:86:5:main	56	static
main.c:160:6:SystemClock_Config	232	static
main.c:221:13:MX_ETH_Init	8	static
main.c:265:13:MX_USART3_UART_Init	8	static
main.c:300:13:MX_USB_OTG_FS_PCD_Init	8	static
main.c:335:13:MX_GPIO_Init	56	static
main.c:392:6:StartDefaultTask	88	static
main.c:410:13:uxRand	16	static
main.c:420:17:ulApplicationGetNextSequenceNumber	24	static
main.c:438:12:xApplicationGetRandomNumber	16	static
main.c:445:6:vApplicationIPNetworkEventHook	16	static
main.c:454:14:pcApplicationHostnameHook	4	static
main.c:464:6:Error_Handler	4	static,ignoring_inline_asm
